[INFO] Scanning for projects...
[WARNING] 
[WARNING] Some problems were encountered while building the effective model for com.ing:ingenious-engine:jar:2.3.1
[WARNING] 'dependencies.dependency.(groupId:artifactId:type:classifier)' must be unique: io.appium:java-client:jar -> duplicate declaration of version ${appium.version} @ line 254, column 21
[WARNING] 'dependencies.dependency.version' for com.oracle.database.jdbc:ojdbc11:jar is either LATEST or RELEASE (both of them are being deprecated) @ line 268, column 20
[WARNING] 
[WARNING] It is highly recommended to fix these problems because they threaten the stability of your build.
[WARNING] 
[WARNING] For this reason, future Maven versions might no longer support building such malformed projects.
[WARNING] 
[INFO] ------------------------------------------------------------------------
[INFO] Reactor Build Order:
[INFO] 
[INFO] ingenious                                                          [pom]
[INFO] StoryWriter                                                        [jar]
[INFO] Datalib                                                            [jar]
[INFO] TestData - Csv                                                     [jar]
[INFO] Engine                                                             [jar]
[INFO] IDE                                                                [jar]
[INFO] Common                                                             [jar]
[INFO] Dist                                                               [pom]
[INFO] 
[INFO] --------------------< com.ing:ingenious-playwright >--------------------
[INFO] Building ingenious 2.3.1                                           [1/8]
[INFO]   from pom.xml
[INFO] --------------------------------[ pom ]---------------------------------
[INFO] 
[INFO] --- clean:3.0.0:clean (default-clean) @ ingenious-playwright ---
[INFO] Deleting C:\Users\sanfu\Desktop\TFG-MCP-TESTAR\INGenious_MultiLLM\Dist (includes = [release/**/*, release], excludes = [])
[INFO] 
[INFO] --- install:3.1.2:install (default-install) @ ingenious-playwright ---
[INFO] Installing C:\Users\sanfu\Desktop\TFG-MCP-TESTAR\INGenious_MultiLLM\pom.xml to C:\Users\sanfu\.m2\repository\com\ing\ingenious-playwright\2.3.1\ingenious-playwright-2.3.1.pom
[INFO] 
[INFO] ------------------------< com.ing:storywriter >-------------------------
[INFO] Building StoryWriter 2.3.1                                         [2/8]
[INFO]   from StoryWriter\pom.xml
[INFO] --------------------------------[ jar ]---------------------------------
[INFO] 
[INFO] --- clean:3.0.0:clean (default-clean) @ storywriter ---
[INFO] Deleting C:\Users\sanfu\Desktop\TFG-MCP-TESTAR\INGenious_MultiLLM\StoryWriter\target
[INFO] 
[INFO] --- resources:3.3.1:resources (default-resources) @ storywriter ---
[INFO] Copying 26 resources from src\main\resources to target\classes
[INFO] 
[INFO] --- compiler:3.8.1:compile (default-compile) @ storywriter ---
[INFO] Changes detected - recompiling the module!
[INFO] Compiling 23 source files to C:\Users\sanfu\Desktop\TFG-MCP-TESTAR\INGenious_MultiLLM\StoryWriter\target\classes
[INFO] /C:/Users/sanfu/Desktop/TFG-MCP-TESTAR/INGenious_MultiLLM/StoryWriter/src/main/java/com/ing/storywriter/util/Keystroke.java: C:\Users\sanfu\Desktop\TFG-MCP-TESTAR\INGenious_MultiLLM\StoryWriter\src\main\java\com\ing\storywriter\util\Keystroke.java uses or overrides a deprecated API.
[INFO] /C:/Users/sanfu/Desktop/TFG-MCP-TESTAR/INGenious_MultiLLM/StoryWriter/src/main/java/com/ing/storywriter/util/Keystroke.java: Recompile with -Xlint:deprecation for details.
[INFO] /C:/Users/sanfu/Desktop/TFG-MCP-TESTAR/INGenious_MultiLLM/StoryWriter/src/main/java/com/ing/storywriter/bdd/data/BDDProject.java: Some input files use unchecked or unsafe operations.
[INFO] /C:/Users/sanfu/Desktop/TFG-MCP-TESTAR/INGenious_MultiLLM/StoryWriter/src/main/java/com/ing/storywriter/bdd/data/BDDProject.java: Recompile with -Xlint:unchecked for details.
[INFO] 
[INFO] --- resources:3.3.1:testResources (default-testResources) @ storywriter ---
[INFO] skip non existing resourceDirectory C:\Users\sanfu\Desktop\TFG-MCP-TESTAR\INGenious_MultiLLM\StoryWriter\src\test\resources
[INFO] 
[INFO] --- compiler:3.8.1:testCompile (default-testCompile) @ storywriter ---
[INFO] No sources to compile
[INFO] 
[INFO] --- surefire:3.2.5:test (default-test) @ storywriter ---
[INFO] Tests are skipped.
[INFO] 
[INFO] --- jar:3.4.1:jar (default-jar) @ storywriter ---
[INFO] Building jar: C:\Users\sanfu\Desktop\TFG-MCP-TESTAR\INGenious_MultiLLM\StoryWriter\target\storywriter-2.3.1.jar
[INFO] 
[INFO] --- assembly:3.7.1:single (make-assembly) @ storywriter ---
[INFO] Building jar: C:\Users\sanfu\Desktop\TFG-MCP-TESTAR\INGenious_MultiLLM\StoryWriter\target\storywriter-2.3.1-full.jar
[WARNING] Configuration option 'appendAssemblyId' is set to false.
Instead of attaching the assembly file: C:\Users\sanfu\Desktop\TFG-MCP-TESTAR\INGenious_MultiLLM\StoryWriter\target\storywriter-2.3.1-full.jar, it will become the file for main project artifact.
NOTE: If multiple descriptors or descriptor-formats are provided for this project, the value of this file will be non-deterministic!
[WARNING] Replacing pre-existing project main-artifact file: C:\Users\sanfu\Desktop\TFG-MCP-TESTAR\INGenious_MultiLLM\StoryWriter\target\storywriter-2.3.1.jar
with assembly file: C:\Users\sanfu\Desktop\TFG-MCP-TESTAR\INGenious_MultiLLM\StoryWriter\target\storywriter-2.3.1-full.jar
[INFO] 
[INFO] --- install:3.1.2:install (default-install) @ storywriter ---
[INFO] Installing C:\Users\sanfu\Desktop\TFG-MCP-TESTAR\INGenious_MultiLLM\StoryWriter\pom.xml to C:\Users\sanfu\.m2\repository\com\ing\storywriter\2.3.1\storywriter-2.3.1.pom
[INFO] Installing C:\Users\sanfu\Desktop\TFG-MCP-TESTAR\INGenious_MultiLLM\StoryWriter\target\storywriter-2.3.1-full.jar to C:\Users\sanfu\.m2\repository\com\ing\storywriter\2.3.1\storywriter-2.3.1.jar
[INFO] 
[INFO] ---------------------< com.ing:ingenious-datalib >----------------------
[INFO] Building Datalib 2.3.1                                             [3/8]
[INFO]   from Datalib\pom.xml
[INFO] --------------------------------[ jar ]---------------------------------
[INFO] 
[INFO] --- clean:3.0.0:clean (default-clean) @ ingenious-datalib ---
[INFO] Deleting C:\Users\sanfu\Desktop\TFG-MCP-TESTAR\INGenious_MultiLLM\Datalib\target
[INFO] 
[INFO] --- resources:3.3.1:resources (default-resources) @ ingenious-datalib ---
[INFO] Copying 1 resource from src\main\resources to target\classes
[INFO] 
[INFO] --- compiler:3.8.1:compile (default-compile) @ ingenious-datalib ---
[INFO] Changes detected - recompiling the module!
[INFO] Compiling 81 source files to C:\Users\sanfu\Desktop\TFG-MCP-TESTAR\INGenious_MultiLLM\Datalib\target\classes
[INFO] /C:/Users/sanfu/Desktop/TFG-MCP-TESTAR/INGenious_MultiLLM/Datalib/src/main/java/com/ing/datalib/component/utils/FileUtils.java: Some input files use or override a deprecated API.
[INFO] /C:/Users/sanfu/Desktop/TFG-MCP-TESTAR/INGenious_MultiLLM/Datalib/src/main/java/com/ing/datalib/component/utils/FileUtils.java: Recompile with -Xlint:deprecation for details.
[INFO] /C:/Users/sanfu/Desktop/TFG-MCP-TESTAR/INGenious_MultiLLM/Datalib/src/main/java/com/ing/datalib/testdata/model/AbstractDataModel.java: Some input files use unchecked or unsafe operations.
[INFO] /C:/Users/sanfu/Desktop/TFG-MCP-TESTAR/INGenious_MultiLLM/Datalib/src/main/java/com/ing/datalib/testdata/model/AbstractDataModel.java: Recompile with -Xlint:unchecked for details.
[INFO] 
[INFO] --- resources:3.3.1:testResources (default-testResources) @ ingenious-datalib ---
[INFO] skip non existing resourceDirectory C:\Users\sanfu\Desktop\TFG-MCP-TESTAR\INGenious_MultiLLM\Datalib\src\test\resources
[INFO] 
[INFO] --- compiler:3.8.1:testCompile (default-testCompile) @ ingenious-datalib ---
[INFO] Changes detected - recompiling the module!
[INFO] Compiling 1 source file to C:\Users\sanfu\Desktop\TFG-MCP-TESTAR\INGenious_MultiLLM\Datalib\target\test-classes
[INFO] 
[INFO] --- surefire:3.2.5:test (default-test) @ ingenious-datalib ---
[INFO] Tests are skipped.
[INFO] 
[INFO] --- jar:3.4.1:jar (default-jar) @ ingenious-datalib ---
[INFO] Building jar: C:\Users\sanfu\Desktop\TFG-MCP-TESTAR\INGenious_MultiLLM\Datalib\target\ingenious-datalib-2.3.1.jar
[INFO] 
[INFO] --- install:3.1.2:install (default-install) @ ingenious-datalib ---
[INFO] Installing C:\Users\sanfu\Desktop\TFG-MCP-TESTAR\INGenious_MultiLLM\Datalib\pom.xml to C:\Users\sanfu\.m2\repository\com\ing\ingenious-datalib\2.3.1\ingenious-datalib-2.3.1.pom
[INFO] Installing C:\Users\sanfu\Desktop\TFG-MCP-TESTAR\INGenious_MultiLLM\Datalib\target\ingenious-datalib-2.3.1.jar to C:\Users\sanfu\.m2\repository\com\ing\ingenious-datalib\2.3.1\ingenious-datalib-2.3.1.jar
[INFO] 
[INFO] -------------------< com.ing:ingenious-testdata-csv >-------------------
[INFO] Building TestData - Csv 2.3.1                                      [4/8]
[INFO]   from TestData - Csv\pom.xml
[INFO] --------------------------------[ jar ]---------------------------------
[INFO] 
[INFO] --- clean:3.0.0:clean (default-clean) @ ingenious-testdata-csv ---
[INFO] Deleting C:\Users\sanfu\Desktop\TFG-MCP-TESTAR\INGenious_MultiLLM\TestData - Csv\target
[INFO] 
[INFO] --- resources:3.3.1:resources (default-resources) @ ingenious-testdata-csv ---
[INFO] skip non existing resourceDirectory C:\Users\sanfu\Desktop\TFG-MCP-TESTAR\INGenious_MultiLLM\TestData - Csv\src\main\resources
[INFO] 
[INFO] --- compiler:3.8.1:compile (default-compile) @ ingenious-testdata-csv ---
[INFO] Changes detected - recompiling the module!
[INFO] Compiling 4 source files to C:\Users\sanfu\Desktop\TFG-MCP-TESTAR\INGenious_MultiLLM\TestData - Csv\target\classes
[INFO] /C:/Users/sanfu/Desktop/TFG-MCP-TESTAR/INGenious_MultiLLM/TestData - Csv/src/main/java/com/ing/testdata/csv/CSVUtils.java: C:\Users\sanfu\Desktop\TFG-MCP-TESTAR\INGenious_MultiLLM\TestData - Csv\src\main\java\com\ing\testdata\csv\CSVUtils.java uses or overrides a deprecated API.
[INFO] /C:/Users/sanfu/Desktop/TFG-MCP-TESTAR/INGenious_MultiLLM/TestData - Csv/src/main/java/com/ing/testdata/csv/CSVUtils.java: Recompile with -Xlint:deprecation for details.
[INFO] /C:/Users/sanfu/Desktop/TFG-MCP-TESTAR/INGenious_MultiLLM/TestData - Csv/src/main/java/com/ing/testdata/csv/CSVUtils.java: C:\Users\sanfu\Desktop\TFG-MCP-TESTAR\INGenious_MultiLLM\TestData - Csv\src\main\java\com\ing\testdata\csv\CSVUtils.java uses unchecked or unsafe operations.
[INFO] /C:/Users/sanfu/Desktop/TFG-MCP-TESTAR/INGenious_MultiLLM/TestData - Csv/src/main/java/com/ing/testdata/csv/CSVUtils.java: Recompile with -Xlint:unchecked for details.
[INFO] 
[INFO] --- resources:3.3.1:testResources (default-testResources) @ ingenious-testdata-csv ---
[INFO] skip non existing resourceDirectory C:\Users\sanfu\Desktop\TFG-MCP-TESTAR\INGenious_MultiLLM\TestData - Csv\src\test\resources
[INFO] 
[INFO] --- compiler:3.8.1:testCompile (default-testCompile) @ ingenious-testdata-csv ---
[INFO] No sources to compile
[INFO] 
[INFO] --- surefire:3.2.5:test (default-test) @ ingenious-testdata-csv ---
[INFO] Tests are skipped.
[INFO] 
[INFO] --- jar:3.4.1:jar (default-jar) @ ingenious-testdata-csv ---
[INFO] Building jar: C:\Users\sanfu\Desktop\TFG-MCP-TESTAR\INGenious_MultiLLM\TestData - Csv\target\ingenious-testdata-csv-2.3.1.jar
[INFO] 
[INFO] --- install:3.1.2:install (default-install) @ ingenious-testdata-csv ---
[INFO] Installing C:\Users\sanfu\Desktop\TFG-MCP-TESTAR\INGenious_MultiLLM\TestData - Csv\pom.xml to C:\Users\sanfu\.m2\repository\com\ing\ingenious-testdata-csv\2.3.1\ingenious-testdata-csv-2.3.1.pom
[INFO] Installing C:\Users\sanfu\Desktop\TFG-MCP-TESTAR\INGenious_MultiLLM\TestData - Csv\target\ingenious-testdata-csv-2.3.1.jar to C:\Users\sanfu\.m2\repository\com\ing\ingenious-testdata-csv\2.3.1\ingenious-testdata-csv-2.3.1.jar
[INFO] 
[INFO] ----------------------< com.ing:ingenious-engine >----------------------
[INFO] Building Engine 2.3.1                                              [5/8]
[INFO]   from Engine\pom.xml
[INFO] --------------------------------[ jar ]---------------------------------
[INFO] 
[INFO] --- clean:3.0.0:clean (default-clean) @ ingenious-engine ---
[INFO] Deleting C:\Users\sanfu\Desktop\TFG-MCP-TESTAR\INGenious_MultiLLM\Engine\target
[INFO] 
[INFO] --- resources:3.0.2:resources (default-resources) @ ingenious-engine ---
[INFO] Using 'UTF-8' encoding to copy filtered resources.
[INFO] Copying 4 resources
[INFO] 
[INFO] --- compiler:3.8.1:compile (default-compile) @ ingenious-engine ---
[INFO] Changes detected - recompiling the module!
[INFO] Compiling 215 source files to C:\Users\sanfu\Desktop\TFG-MCP-TESTAR\INGenious_MultiLLM\Engine\target\classes
[INFO] /C:/Users/sanfu/Desktop/TFG-MCP-TESTAR/INGenious_MultiLLM/Engine/src/main/java/com/ing/engine/core/Task.java: Some input files use or override a deprecated API.
[INFO] /C:/Users/sanfu/Desktop/TFG-MCP-TESTAR/INGenious_MultiLLM/Engine/src/main/java/com/ing/engine/core/Task.java: Recompile with -Xlint:deprecation for details.
[INFO] /C:/Users/sanfu/Desktop/TFG-MCP-TESTAR/INGenious_MultiLLM/Engine/src/main/java/com/ing/engine/reporting/performance/PerformanceTimings.java: C:\Users\sanfu\Desktop\TFG-MCP-TESTAR\INGenious_MultiLLM\Engine\src\main\java\com\ing\engine\reporting\performance\PerformanceTimings.java uses or overrides a deprecated API that is marked for removal.
[INFO] /C:/Users/sanfu/Desktop/TFG-MCP-TESTAR/INGenious_MultiLLM/Engine/src/main/java/com/ing/engine/reporting/performance/PerformanceTimings.java: Recompile with -Xlint:removal for details.
[INFO] /C:/Users/sanfu/Desktop/TFG-MCP-TESTAR/INGenious_MultiLLM/Engine/src/main/java/com/ing/engine/core/CommandControl.java: Some input files use unchecked or unsafe operations.
[INFO] /C:/Users/sanfu/Desktop/TFG-MCP-TESTAR/INGenious_MultiLLM/Engine/src/main/java/com/ing/engine/core/CommandControl.java: Recompile with -Xlint:unchecked for details.
[INFO] 
[INFO] --- resources:3.0.2:testResources (default-testResources) @ ingenious-engine ---
[INFO] Using 'UTF-8' encoding to copy filtered resources.
[INFO] skip non existing resourceDirectory C:\Users\sanfu\Desktop\TFG-MCP-TESTAR\INGenious_MultiLLM\Engine\src\test\resources
[INFO] 
[INFO] --- compiler:3.8.1:testCompile (default-testCompile) @ ingenious-engine ---
[INFO] Changes detected - recompiling the module!
[INFO] Compiling 7 source files to C:\Users\sanfu\Desktop\TFG-MCP-TESTAR\INGenious_MultiLLM\Engine\target\test-classes
[INFO] /C:/Users/sanfu/Desktop/TFG-MCP-TESTAR/INGenious_MultiLLM/Engine/src/test/java/com/ing/engine/reporting/sync/BasicHttpClientTest.java: C:\Users\sanfu\Desktop\TFG-MCP-TESTAR\INGenious_MultiLLM\Engine\src\test\java\com\ing\engine\reporting\sync\BasicHttpClientTest.java uses or overrides a deprecated API.
[INFO] /C:/Users/sanfu/Desktop/TFG-MCP-TESTAR/INGenious_MultiLLM/Engine/src/test/java/com/ing/engine/reporting/sync/BasicHttpClientTest.java: Recompile with -Xlint:deprecation for details.
[INFO] /C:/Users/sanfu/Desktop/TFG-MCP-TESTAR/INGenious_MultiLLM/Engine/src/test/java/com/ing/engine/util/data/KeyMapTest.java: Some input files use unchecked or unsafe operations.
[INFO] /C:/Users/sanfu/Desktop/TFG-MCP-TESTAR/INGenious_MultiLLM/Engine/src/test/java/com/ing/engine/util/data/KeyMapTest.java: Recompile with -Xlint:unchecked for details.
[INFO] 
[INFO] --- surefire:3.2.5:test (default-test) @ ingenious-engine ---
[INFO] Tests are skipped.
[INFO] 
[INFO] >>> eclipse:2.10:eclipse (default) > generate-resources @ ingenious-engine >>>
[INFO] 
[INFO] <<< eclipse:2.10:eclipse (default) < generate-resources @ ingenious-engine <<<
[INFO] 
[INFO] 
[INFO] --- eclipse:2.10:eclipse (default) @ ingenious-engine ---
[INFO] Using Eclipse Workspace: null
[INFO] Adding default classpath container: org.eclipse.jdt.launching.JRE_CONTAINER
[INFO] excluded: org.testng:testng
[INFO] excluded: com.beust:jcommander
[INFO] excluded: org.yaml:snakeyaml
[INFO] Wrote Eclipse project for "ingenious-engine" to C:\Users\sanfu\Desktop\TFG-MCP-TESTAR\INGenious_MultiLLM\Engine.
[INFO] 
[INFO] 
[INFO] --- replacer:1.5.3:replace (default) @ ingenious-engine ---
[INFO] Replacement run on 1 file.
[INFO] 
[INFO] --- jar:3.4.1:jar (default-jar) @ ingenious-engine ---
[INFO] Building jar: C:\Users\sanfu\Desktop\TFG-MCP-TESTAR\INGenious_MultiLLM\Engine\target\ingenious-engine-2.3.1.jar
[INFO] 
[INFO] --- resources:3.0.2:copy-resources (copy-sources) @ ingenious-engine ---
[INFO] Using 'UTF-8' encoding to copy filtered resources.
[INFO] Copying 226 resources
[INFO] 
[INFO] --- resources:3.0.2:copy-resources (copy-eclipse-deps) @ ingenious-engine ---
[INFO] Using 'UTF-8' encoding to copy filtered resources.
[INFO] Copying 1 resource
[INFO] 
[INFO] --- install:3.1.2:install (default-install) @ ingenious-engine ---
[INFO] Installing C:\Users\sanfu\Desktop\TFG-MCP-TESTAR\INGenious_MultiLLM\Engine\pom.xml to C:\Users\sanfu\.m2\repository\com\ing\ingenious-engine\2.3.1\ingenious-engine-2.3.1.pom
[INFO] Installing C:\Users\sanfu\Desktop\TFG-MCP-TESTAR\INGenious_MultiLLM\Engine\target\ingenious-engine-2.3.1.jar to C:\Users\sanfu\.m2\repository\com\ing\ingenious-engine\2.3.1\ingenious-engine-2.3.1.jar
[INFO] 
[INFO] --- clean:3.0.0:clean (delete-eclipse-deps) @ ingenious-engine ---
[INFO] Deleting C:\Users\sanfu\Desktop\TFG-MCP-TESTAR\INGenious_MultiLLM\Engine (includes = [.project], excludes = [])
[INFO] 
[INFO] -----------------------< com.ing:ingenious-ide >------------------------
[INFO] Building IDE 2.3.1                                                 [6/8]
[INFO]   from IDE\pom.xml
[INFO] --------------------------------[ jar ]---------------------------------
[WARNING] Parameter 'overWriteIfNewer' is unknown for plugin 'maven-resources-plugin:3.0.2:copy-resources (copy-resources)'
[WARNING] 6 problems were encountered while building the effective model for org.openjfx:javafx-web:jar:win:17.0.2 during dependency collection step for project (use -X to see details)
[INFO] 
[INFO] --- clean:3.0.0:clean (default-clean) @ ingenious-ide ---
[INFO] Deleting C:\Users\sanfu\Desktop\TFG-MCP-TESTAR\INGenious_MultiLLM\IDE\target
[INFO] 
[INFO] --- resources:3.0.2:resources (default-resources) @ ingenious-ide ---
[INFO] Using 'UTF-8' encoding to copy filtered resources.
[INFO] Copying 323 resources
[INFO] 
[INFO] --- compiler:3.8.1:compile (default-compile) @ ingenious-ide ---
[INFO] Changes detected - recompiling the module!
[INFO] Compiling 240 source files to C:\Users\sanfu\Desktop\TFG-MCP-TESTAR\INGenious_MultiLLM\IDE\target\classes
[INFO] /C:/Users/sanfu/Desktop/TFG-MCP-TESTAR/INGenious_MultiLLM/IDE/src/main/java/com/ing/ide/main/mainui/AppMenuBar.java: Some input files use or override a deprecated API.
[INFO] /C:/Users/sanfu/Desktop/TFG-MCP-TESTAR/INGenious_MultiLLM/IDE/src/main/java/com/ing/ide/main/mainui/AppMenuBar.java: Recompile with -Xlint:deprecation for details.
[INFO] /C:/Users/sanfu/Desktop/TFG-MCP-TESTAR/INGenious_MultiLLM/IDE/src/main/java/com/ing/ide/main/utils/table/XTable.java: Some input files use or override a deprecated API that is marked for removal.
[INFO] /C:/Users/sanfu/Desktop/TFG-MCP-TESTAR/INGenious_MultiLLM/IDE/src/main/java/com/ing/ide/main/utils/table/XTable.java: Recompile with -Xlint:removal for details.
[INFO] /C:/Users/sanfu/Desktop/TFG-MCP-TESTAR/INGenious_MultiLLM/IDE/src/main/java/com/ing/ide/main/settings/INGeniousSettings.java: Some input files use unchecked or unsafe operations.
[INFO] /C:/Users/sanfu/Desktop/TFG-MCP-TESTAR/INGenious_MultiLLM/IDE/src/main/java/com/ing/ide/main/settings/INGeniousSettings.java: Recompile with -Xlint:unchecked for details.
[INFO] 
[INFO] --- resources:3.0.2:testResources (default-testResources) @ ingenious-ide ---
[INFO] Using 'UTF-8' encoding to copy filtered resources.
[INFO] skip non existing resourceDirectory C:\Users\sanfu\Desktop\TFG-MCP-TESTAR\INGenious_MultiLLM\IDE\src\test\resources
[INFO] 
[INFO] --- compiler:3.8.1:testCompile (default-testCompile) @ ingenious-ide ---
[INFO] No sources to compile
[INFO] 
[INFO] --- surefire:3.2.5:test (default-test) @ ingenious-ide ---
[INFO] Tests are skipped.
[INFO] 
[INFO] --- jar:3.4.1:jar (default-jar) @ ingenious-ide ---
[INFO] Building jar: C:\Users\sanfu\Desktop\TFG-MCP-TESTAR\INGenious_MultiLLM\IDE\target\ingenious-ide-2.3.1.jar
[INFO] 
[INFO] --- install:3.1.2:install (default-install) @ ingenious-ide ---
[INFO] Installing C:\Users\sanfu\Desktop\TFG-MCP-TESTAR\INGenious_MultiLLM\IDE\pom.xml to C:\Users\sanfu\.m2\repository\com\ing\ingenious-ide\2.3.1\ingenious-ide-2.3.1.pom
[INFO] Installing C:\Users\sanfu\Desktop\TFG-MCP-TESTAR\INGenious_MultiLLM\IDE\target\ingenious-ide-2.3.1.jar to C:\Users\sanfu\.m2\repository\com\ing\ingenious-ide\2.3.1\ingenious-ide-2.3.1.jar
[INFO] 
[INFO] --- dependency:3.7.0:copy-dependencies (default) @ ingenious-ide ---
[INFO] Copying artifact 'com.ing:ingenious-engine:jar:2.3.1:compile' (C:\Users\sanfu\Desktop\TFG-MCP-TESTAR\INGenious_MultiLLM\Engine\target\ingenious-engine-2.3.1.jar) to C:\Users\sanfu\Desktop\TFG-MCP-TESTAR\INGenious_MultiLLM\Dist\release\lib\ingenious-engine-2.3.1.jar
[INFO] Copying artifact 'com.ing:ingenious-testdata-csv:jar:2.3.1:compile' (C:\Users\sanfu\Desktop\TFG-MCP-TESTAR\INGenious_MultiLLM\TestData - Csv\target\ingenious-testdata-csv-2.3.1.jar) to C:\Users\sanfu\Desktop\TFG-MCP-TESTAR\INGenious_MultiLLM\Dist\release\lib\ingenious-testdata-csv-2.3.1.jar
[INFO] Copying artifact 'com.fasterxml.jackson.dataformat:jackson-dataformat-xml:jar:2.15.2:compile' (C:\Users\sanfu\.m2\repository\com\fasterxml\jackson\dataformat\jackson-dataformat-xml\2.15.2\jackson-dataformat-xml-2.15.2.jar) to C:\Users\sanfu\Desktop\TFG-MCP-TESTAR\INGenious_MultiLLM\Dist\release\lib\jackson-dataformat-xml-2.15.2.jar
[INFO] Copying artifact 'com.fasterxml.jackson.core:jackson-annotations:jar:2.15.2:compile' (C:\Users\sanfu\.m2\repository\com\fasterxml\jackson\core\jackson-annotations\2.15.2\jackson-annotations-2.15.2.jar) to C:\Users\sanfu\Desktop\TFG-MCP-TESTAR\INGenious_MultiLLM\Dist\release\lib\jackson-annotations-2.15.2.jar
[INFO] Copying artifact 'com.fasterxml.jackson.core:jackson-databind:jar:2.15.2:compile' (C:\Users\sanfu\.m2\repository\com\fasterxml\jackson\core\jackson-databind\2.15.2\jackson-databind-2.15.2.jar) to C:\Users\sanfu\Desktop\TFG-MCP-TESTAR\INGenious_MultiLLM\Dist\release\lib\jackson-databind-2.15.2.jar
[INFO] Copying artifact 'org.codehaus.woodstox:stax2-api:jar:4.2.1:compile' (C:\Users\sanfu\.m2\repository\org\codehaus\woodstox\stax2-api\4.2.1\stax2-api-4.2.1.jar) to C:\Users\sanfu\Desktop\TFG-MCP-TESTAR\INGenious_MultiLLM\Dist\release\lib\stax2-api-4.2.1.jar
[INFO] Copying artifact 'com.fasterxml.woodstox:woodstox-core:jar:6.5.1:compile' (C:\Users\sanfu\.m2\repository\com\fasterxml\woodstox\woodstox-core\6.5.1\woodstox-core-6.5.1.jar) to C:\Users\sanfu\Desktop\TFG-MCP-TESTAR\INGenious_MultiLLM\Dist\release\lib\woodstox-core-6.5.1.jar
[INFO] Copying artifact 'org.freemarker:freemarker:jar:2.3.32:compile' (C:\Users\sanfu\.m2\repository\org\freemarker\freemarker\2.3.32\freemarker-2.3.32.jar) to C:\Users\sanfu\Desktop\TFG-MCP-TESTAR\INGenious_MultiLLM\Dist\release\lib\freemarker-2.3.32.jar
[INFO] Copying artifact 'org.apache.poi:poi:jar:5.2.5:compile' (C:\Users\sanfu\.m2\repository\org\apache\poi\poi\5.2.5\poi-5.2.5.jar) to C:\Users\sanfu\Desktop\TFG-MCP-TESTAR\INGenious_MultiLLM\Dist\release\lib\poi-5.2.5.jar
[INFO] Copying artifact 'org.apache.commons:commons-collections4:jar:4.4:compile' (C:\Users\sanfu\.m2\repository\org\apache\commons\commons-collections4\4.4\commons-collections4-4.4.jar) to C:\Users\sanfu\Desktop\TFG-MCP-TESTAR\INGenious_MultiLLM\Dist\release\lib\commons-collections4-4.4.jar
[INFO] Copying artifact 'org.apache.commons:commons-math3:jar:3.6.1:compile' (C:\Users\sanfu\.m2\repository\org\apache\commons\commons-math3\3.6.1\commons-math3-3.6.1.jar) to C:\Users\sanfu\Desktop\TFG-MCP-TESTAR\INGenious_MultiLLM\Dist\release\lib\commons-math3-3.6.1.jar
[INFO] Copying artifact 'com.zaxxer:SparseBitSet:jar:1.3:compile' (C:\Users\sanfu\.m2\repository\com\zaxxer\SparseBitSet\1.3\SparseBitSet-1.3.jar) to C:\Users\sanfu\Desktop\TFG-MCP-TESTAR\INGenious_MultiLLM\Dist\release\lib\SparseBitSet-1.3.jar
[INFO] Copying artifact 'org.apache.poi:poi-ooxml:jar:5.2.5:compile' (C:\Users\sanfu\.m2\repository\org\apache\poi\poi-ooxml\5.2.5\poi-ooxml-5.2.5.jar) to C:\Users\sanfu\Desktop\TFG-MCP-TESTAR\INGenious_MultiLLM\Dist\release\lib\poi-ooxml-5.2.5.jar
[INFO] Copying artifact 'org.apache.poi:poi-ooxml-lite:jar:5.2.5:compile' (C:\Users\sanfu\.m2\repository\org\apache\poi\poi-ooxml-lite\5.2.5\poi-ooxml-lite-5.2.5.jar) to C:\Users\sanfu\Desktop\TFG-MCP-TESTAR\INGenious_MultiLLM\Dist\release\lib\poi-ooxml-lite-5.2.5.jar
[INFO] Copying artifact 'org.apache.commons:commons-compress:jar:1.25.0:compile' (C:\Users\sanfu\.m2\repository\org\apache\commons\commons-compress\1.25.0\commons-compress-1.25.0.jar) to C:\Users\sanfu\Desktop\TFG-MCP-TESTAR\INGenious_MultiLLM\Dist\release\lib\commons-compress-1.25.0.jar
[INFO] Copying artifact 'com.github.virtuald:curvesapi:jar:1.08:compile' (C:\Users\sanfu\.m2\repository\com\github\virtuald\curvesapi\1.08\curvesapi-1.08.jar) to C:\Users\sanfu\Desktop\TFG-MCP-TESTAR\INGenious_MultiLLM\Dist\release\lib\curvesapi-1.08.jar
[INFO] Copying artifact 'org.apache.poi:poi-ooxml-schemas:jar:4.1.2:compile' (C:\Users\sanfu\.m2\repository\org\apache\poi\poi-ooxml-schemas\4.1.2\poi-ooxml-schemas-4.1.2.jar) to C:\Users\sanfu\Desktop\TFG-MCP-TESTAR\INGenious_MultiLLM\Dist\release\lib\poi-ooxml-schemas-4.1.2.jar
[INFO] Copying artifact 'stax:stax-api:jar:1.0.1:compile' (C:\Users\sanfu\.m2\repository\stax\stax-api\1.0.1\stax-api-1.0.1.jar) to C:\Users\sanfu\Desktop\TFG-MCP-TESTAR\INGenious_MultiLLM\Dist\release\lib\stax-api-1.0.1.jar
[INFO] Copying artifact 'org.apache.xmlbeans:xmlbeans:jar:3.0.2:compile' (C:\Users\sanfu\.m2\repository\org\apache\xmlbeans\xmlbeans\3.0.2\xmlbeans-3.0.2.jar) to C:\Users\sanfu\Desktop\TFG-MCP-TESTAR\INGenious_MultiLLM\Dist\release\lib\xmlbeans-3.0.2.jar
[INFO] Copying artifact 'com.microsoft.playwright:playwright:jar:1.58.0:compile' (C:\Users\sanfu\.m2\repository\com\microsoft\playwright\playwright\1.58.0\playwright-1.58.0.jar) to C:\Users\sanfu\Desktop\TFG-MCP-TESTAR\INGenious_MultiLLM\Dist\release\lib\playwright-1.58.0.jar
[INFO] Copying artifact 'org.opentest4j:opentest4j:jar:1.3.0:compile' (C:\Users\sanfu\.m2\repository\org\opentest4j\opentest4j\1.3.0\opentest4j-1.3.0.jar) to C:\Users\sanfu\Desktop\TFG-MCP-TESTAR\INGenious_MultiLLM\Dist\release\lib\opentest4j-1.3.0.jar
[INFO] Copying artifact 'com.microsoft.playwright:driver:jar:1.58.0:compile' (C:\Users\sanfu\.m2\repository\com\microsoft\playwright\driver\1.58.0\driver-1.58.0.jar) to C:\Users\sanfu\Desktop\TFG-MCP-TESTAR\INGenious_MultiLLM\Dist\release\lib\driver-1.58.0.jar
[INFO] Copying artifact 'com.microsoft.playwright:driver-bundle:jar:1.58.0:compile' (C:\Users\sanfu\.m2\repository\com\microsoft\playwright\driver-bundle\1.58.0\driver-bundle-1.58.0.jar) to C:\Users\sanfu\Desktop\TFG-MCP-TESTAR\INGenious_MultiLLM\Dist\release\lib\driver-bundle-1.58.0.jar
[INFO] Copying artifact 'com.deque.html.axe-core:playwright:jar:4.11.1:compile' (C:\Users\sanfu\.m2\repository\com\deque\html\axe-core\playwright\4.11.1\playwright-4.11.1.jar) to C:\Users\sanfu\Desktop\TFG-MCP-TESTAR\INGenious_MultiLLM\Dist\release\lib\playwright-4.11.1.jar
[INFO] Copying artifact 'com.deque.html.axe-core:dequeutilites:jar:4.11.1:compile' (C:\Users\sanfu\.m2\repository\com\deque\html\axe-core\dequeutilites\4.11.1\dequeutilites-4.11.1.jar) to C:\Users\sanfu\Desktop\TFG-MCP-TESTAR\INGenious_MultiLLM\Dist\release\lib\dequeutilites-4.11.1.jar
[INFO] Copying artifact 'javax.mail:mail:jar:1.4.7:compile' (C:\Users\sanfu\.m2\repository\javax\mail\mail\1.4.7\mail-1.4.7.jar) to C:\Users\sanfu\Desktop\TFG-MCP-TESTAR\INGenious_MultiLLM\Dist\release\lib\mail-1.4.7.jar
[INFO] Copying artifact 'javax.activation:activation:jar:1.1:compile' (C:\Users\sanfu\.m2\repository\javax\activation\activation\1.1\activation-1.1.jar) to C:\Users\sanfu\Desktop\TFG-MCP-TESTAR\INGenious_MultiLLM\Dist\release\lib\activation-1.1.jar
[INFO] Copying artifact 'com.jayway.jsonpath:json-path:jar:2.4.0:compile' (C:\Users\sanfu\.m2\repository\com\jayway\jsonpath\json-path\2.4.0\json-path-2.4.0.jar) to C:\Users\sanfu\Desktop\TFG-MCP-TESTAR\INGenious_MultiLLM\Dist\release\lib\json-path-2.4.0.jar
[INFO] Copying artifact 'net.minidev:json-smart:jar:2.3:compile' (C:\Users\sanfu\.m2\repository\net\minidev\json-smart\2.3\json-smart-2.3.jar) to C:\Users\sanfu\Desktop\TFG-MCP-TESTAR\INGenious_MultiLLM\Dist\release\lib\json-smart-2.3.jar
[INFO] Copying artifact 'net.minidev:accessors-smart:jar:1.2:compile' (C:\Users\sanfu\.m2\repository\net\minidev\accessors-smart\1.2\accessors-smart-1.2.jar) to C:\Users\sanfu\Desktop\TFG-MCP-TESTAR\INGenious_MultiLLM\Dist\release\lib\accessors-smart-1.2.jar
[INFO] Copying artifact 'org.ow2.asm:asm:jar:5.0.4:compile' (C:\Users\sanfu\.m2\repository\org\ow2\asm\asm\5.0.4\asm-5.0.4.jar) to C:\Users\sanfu\Desktop\TFG-MCP-TESTAR\INGenious_MultiLLM\Dist\release\lib\asm-5.0.4.jar
[INFO] Copying artifact 'com.aventstack:extentreports:jar:5.1.2:compile' (C:\Users\sanfu\.m2\repository\com\aventstack\extentreports\5.1.2\extentreports-5.1.2.jar) to C:\Users\sanfu\Desktop\TFG-MCP-TESTAR\INGenious_MultiLLM\Dist\release\lib\extentreports-5.1.2.jar
[INFO] Copying artifact 'io.reactivex.rxjava3:rxjava:jar:3.1.6:compile' (C:\Users\sanfu\.m2\repository\io\reactivex\rxjava3\rxjava\3.1.6\rxjava-3.1.6.jar) to C:\Users\sanfu\Desktop\TFG-MCP-TESTAR\INGenious_MultiLLM\Dist\release\lib\rxjava-3.1.6.jar
[INFO] Copying artifact 'org.reactivestreams:reactive-streams:jar:1.0.4:compile' (C:\Users\sanfu\.m2\repository\org\reactivestreams\reactive-streams\1.0.4\reactive-streams-1.0.4.jar) to C:\Users\sanfu\Desktop\TFG-MCP-TESTAR\INGenious_MultiLLM\Dist\release\lib\reactive-streams-1.0.4.jar
[INFO] Copying artifact 'org.projectlombok:lombok:jar:1.18.26:compile' (C:\Users\sanfu\.m2\repository\org\projectlombok\lombok\1.18.26\lombok-1.18.26.jar) to C:\Users\sanfu\Desktop\TFG-MCP-TESTAR\INGenious_MultiLLM\Dist\release\lib\lombok-1.18.26.jar
[INFO] Copying artifact 'org.checkerframework:checker-compat-qual:jar:2.0.0:compile' (C:\Users\sanfu\.m2\repository\org\checkerframework\checker-compat-qual\2.0.0\checker-compat-qual-2.0.0.jar) to C:\Users\sanfu\Desktop\TFG-MCP-TESTAR\INGenious_MultiLLM\Dist\release\lib\checker-compat-qual-2.0.0.jar
[INFO] Copying artifact 'info.debatty:java-string-similarity:jar:2.0.0:compile' (C:\Users\sanfu\.m2\repository\info\debatty\java-string-similarity\2.0.0\java-string-similarity-2.0.0.jar) to C:\Users\sanfu\Desktop\TFG-MCP-TESTAR\INGenious_MultiLLM\Dist\release\lib\java-string-similarity-2.0.0.jar
[INFO] Copying artifact 'net.jcip:jcip-annotations:jar:1.0:compile' (C:\Users\sanfu\.m2\repository\net\jcip\jcip-annotations\1.0\jcip-annotations-1.0.jar) to C:\Users\sanfu\Desktop\TFG-MCP-TESTAR\INGenious_MultiLLM\Dist\release\lib\jcip-annotations-1.0.jar
[INFO] Copying artifact 'org.apache.logging.log4j:log4j-core:jar:2.17.2:compile' (C:\Users\sanfu\.m2\repository\org\apache\logging\log4j\log4j-core\2.17.2\log4j-core-2.17.2.jar) to C:\Users\sanfu\Desktop\TFG-MCP-TESTAR\INGenious_MultiLLM\Dist\release\lib\log4j-core-2.17.2.jar
[INFO] Copying artifact 'org.apache.logging.log4j:log4j-api:jar:2.17.2:compile' (C:\Users\sanfu\.m2\repository\org\apache\logging\log4j\log4j-api\2.17.2\log4j-api-2.17.2.jar) to C:\Users\sanfu\Desktop\TFG-MCP-TESTAR\INGenious_MultiLLM\Dist\release\lib\log4j-api-2.17.2.jar
[INFO] Copying artifact 'org.checkerframework:checker-qual:jar:3.33.0:compile' (C:\Users\sanfu\.m2\repository\org\checkerframework\checker-qual\3.33.0\checker-qual-3.33.0.jar) to C:\Users\sanfu\Desktop\TFG-MCP-TESTAR\INGenious_MultiLLM\Dist\release\lib\checker-qual-3.33.0.jar
[INFO] Copying artifact 'com.google.errorprone:error_prone_annotations:jar:2.18.0:compile' (C:\Users\sanfu\.m2\repository\com\google\errorprone\error_prone_annotations\2.18.0\error_prone_annotations-2.18.0.jar) to C:\Users\sanfu\Desktop\TFG-MCP-TESTAR\INGenious_MultiLLM\Dist\release\lib\error_prone_annotations-2.18.0.jar
[INFO] Copying artifact 'com.google.code.gson:gson:jar:2.10.1:compile' (C:\Users\sanfu\.m2\repository\com\google\code\gson\gson\2.10.1\gson-2.10.1.jar) to C:\Users\sanfu\Desktop\TFG-MCP-TESTAR\INGenious_MultiLLM\Dist\release\lib\gson-2.10.1.jar
[INFO] Copying artifact 'com.google.j2objc:j2objc-annotations:jar:2.8:compile' (C:\Users\sanfu\.m2\repository\com\google\j2objc\j2objc-annotations\2.8\j2objc-annotations-2.8.jar) to C:\Users\sanfu\Desktop\TFG-MCP-TESTAR\INGenious_MultiLLM\Dist\release\lib\j2objc-annotations-2.8.jar
[INFO] Copying artifact 'org.slf4j:slf4j-api:jar:2.0.7:compile' (C:\Users\sanfu\.m2\repository\org\slf4j\slf4j-api\2.0.7\slf4j-api-2.0.7.jar) to C:\Users\sanfu\Desktop\TFG-MCP-TESTAR\INGenious_MultiLLM\Dist\release\lib\slf4j-api-2.0.7.jar
[INFO] Copying artifact 'commons-lang:commons-lang:jar:2.6:compile' (C:\Users\sanfu\.m2\repository\commons-lang\commons-lang\2.6\commons-lang-2.6.jar) to C:\Users\sanfu\Desktop\TFG-MCP-TESTAR\INGenious_MultiLLM\Dist\release\lib\commons-lang-2.6.jar
[INFO] Copying artifact 'org.apache.httpcomponents:httpcore:jar:4.4.16:compile' (C:\Users\sanfu\.m2\repository\org\apache\httpcomponents\httpcore\4.4.16\httpcore-4.4.16.jar) to C:\Users\sanfu\Desktop\TFG-MCP-TESTAR\INGenious_MultiLLM\Dist\release\lib\httpcore-4.4.16.jar
[INFO] Copying artifact 'io.appium:java-client:jar:10.0.0:compile' (C:\Users\sanfu\.m2\repository\io\appium\java-client\10.0.0\java-client-10.0.0.jar) to C:\Users\sanfu\Desktop\TFG-MCP-TESTAR\INGenious_MultiLLM\Dist\release\lib\java-client-10.0.0.jar
[INFO] Copying artifact 'org.seleniumhq.selenium:selenium-api:jar:4.41.0:compile' (C:\Users\sanfu\.m2\repository\org\seleniumhq\selenium\selenium-api\4.41.0\selenium-api-4.41.0.jar) to C:\Users\sanfu\Desktop\TFG-MCP-TESTAR\INGenious_MultiLLM\Dist\release\lib\selenium-api-4.41.0.jar
[INFO] Copying artifact 'org.seleniumhq.selenium:selenium-remote-driver:jar:4.41.0:compile' (C:\Users\sanfu\.m2\repository\org\seleniumhq\selenium\selenium-remote-driver\4.41.0\selenium-remote-driver-4.41.0.jar) to C:\Users\sanfu\Desktop\TFG-MCP-TESTAR\INGenious_MultiLLM\Dist\release\lib\selenium-remote-driver-4.41.0.jar
[INFO] Copying artifact 'com.google.auto.service:auto-service-annotations:jar:1.1.1:compile' (C:\Users\sanfu\.m2\repository\com\google\auto\service\auto-service-annotations\1.1.1\auto-service-annotations-1.1.1.jar) to C:\Users\sanfu\Desktop\TFG-MCP-TESTAR\INGenious_MultiLLM\Dist\release\lib\auto-service-annotations-1.1.1.jar
[INFO] Copying artifact 'io.opentelemetry:opentelemetry-api:jar:1.59.0:compile' (C:\Users\sanfu\.m2\repository\io\opentelemetry\opentelemetry-api\1.59.0\opentelemetry-api-1.59.0.jar) to C:\Users\sanfu\Desktop\TFG-MCP-TESTAR\INGenious_MultiLLM\Dist\release\lib\opentelemetry-api-1.59.0.jar
[INFO] Copying artifact 'io.opentelemetry:opentelemetry-context:jar:1.59.0:compile' (C:\Users\sanfu\.m2\repository\io\opentelemetry\opentelemetry-context\1.59.0\opentelemetry-context-1.59.0.jar) to C:\Users\sanfu\Desktop\TFG-MCP-TESTAR\INGenious_MultiLLM\Dist\release\lib\opentelemetry-context-1.59.0.jar
[INFO] Copying artifact 'io.opentelemetry:opentelemetry-common:jar:1.59.0:compile' (C:\Users\sanfu\.m2\repository\io\opentelemetry\opentelemetry-common\1.59.0\opentelemetry-common-1.59.0.jar) to C:\Users\sanfu\Desktop\TFG-MCP-TESTAR\INGenious_MultiLLM\Dist\release\lib\opentelemetry-common-1.59.0.jar
[INFO] Copying artifact 'io.opentelemetry:opentelemetry-exporter-logging:jar:1.59.0:compile' (C:\Users\sanfu\.m2\repository\io\opentelemetry\opentelemetry-exporter-logging\1.59.0\opentelemetry-exporter-logging-1.59.0.jar) to C:\Users\sanfu\Desktop\TFG-MCP-TESTAR\INGenious_MultiLLM\Dist\release\lib\opentelemetry-exporter-logging-1.59.0.jar
[INFO] Copying artifact 'io.opentelemetry:opentelemetry-sdk-common:jar:1.59.0:compile' (C:\Users\sanfu\.m2\repository\io\opentelemetry\opentelemetry-sdk-common\1.59.0\opentelemetry-sdk-common-1.59.0.jar) to C:\Users\sanfu\Desktop\TFG-MCP-TESTAR\INGenious_MultiLLM\Dist\release\lib\opentelemetry-sdk-common-1.59.0.jar
[INFO] Copying artifact 'io.opentelemetry:opentelemetry-sdk-extension-autoconfigure-spi:jar:1.59.0:compile' (C:\Users\sanfu\.m2\repository\io\opentelemetry\opentelemetry-sdk-extension-autoconfigure-spi\1.59.0\opentelemetry-sdk-extension-autoconfigure-spi-1.59.0.jar) to C:\Users\sanfu\Desktop\TFG-MCP-TESTAR\INGenious_MultiLLM\Dist\release\lib\opentelemetry-sdk-extension-autoconfigure-spi-1.59.0.jar
[INFO] Copying artifact 'io.opentelemetry:opentelemetry-sdk-extension-autoconfigure:jar:1.59.0:compile' (C:\Users\sanfu\.m2\repository\io\opentelemetry\opentelemetry-sdk-extension-autoconfigure\1.59.0\opentelemetry-sdk-extension-autoconfigure-1.59.0.jar) to C:\Users\sanfu\Desktop\TFG-MCP-TESTAR\INGenious_MultiLLM\Dist\release\lib\opentelemetry-sdk-extension-autoconfigure-1.59.0.jar
[INFO] Copying artifact 'io.opentelemetry:opentelemetry-sdk-trace:jar:1.59.0:compile' (C:\Users\sanfu\.m2\repository\io\opentelemetry\opentelemetry-sdk-trace\1.59.0\opentelemetry-sdk-trace-1.59.0.jar) to C:\Users\sanfu\Desktop\TFG-MCP-TESTAR\INGenious_MultiLLM\Dist\release\lib\opentelemetry-sdk-trace-1.59.0.jar
[INFO] Copying artifact 'io.opentelemetry:opentelemetry-sdk:jar:1.59.0:compile' (C:\Users\sanfu\.m2\repository\io\opentelemetry\opentelemetry-sdk\1.59.0\opentelemetry-sdk-1.59.0.jar) to C:\Users\sanfu\Desktop\TFG-MCP-TESTAR\INGenious_MultiLLM\Dist\release\lib\opentelemetry-sdk-1.59.0.jar
[INFO] Copying artifact 'io.opentelemetry:opentelemetry-sdk-metrics:jar:1.59.0:compile' (C:\Users\sanfu\.m2\repository\io\opentelemetry\opentelemetry-sdk-metrics\1.59.0\opentelemetry-sdk-metrics-1.59.0.jar) to C:\Users\sanfu\Desktop\TFG-MCP-TESTAR\INGenious_MultiLLM\Dist\release\lib\opentelemetry-sdk-metrics-1.59.0.jar
[INFO] Copying artifact 'io.opentelemetry:opentelemetry-sdk-logs:jar:1.59.0:compile' (C:\Users\sanfu\.m2\repository\io\opentelemetry\opentelemetry-sdk-logs\1.59.0\opentelemetry-sdk-logs-1.59.0.jar) to C:\Users\sanfu\Desktop\TFG-MCP-TESTAR\INGenious_MultiLLM\Dist\release\lib\opentelemetry-sdk-logs-1.59.0.jar
[INFO] Copying artifact 'net.bytebuddy:byte-buddy:jar:1.18.5:compile' (C:\Users\sanfu\.m2\repository\net\bytebuddy\byte-buddy\1.18.5\byte-buddy-1.18.5.jar) to C:\Users\sanfu\Desktop\TFG-MCP-TESTAR\INGenious_MultiLLM\Dist\release\lib\byte-buddy-1.18.5.jar
[INFO] Copying artifact 'org.seleniumhq.selenium:selenium-http:jar:4.41.0:compile' (C:\Users\sanfu\.m2\repository\org\seleniumhq\selenium\selenium-http\4.41.0\selenium-http-4.41.0.jar) to C:\Users\sanfu\Desktop\TFG-MCP-TESTAR\INGenious_MultiLLM\Dist\release\lib\selenium-http-4.41.0.jar
[INFO] Copying artifact 'org.seleniumhq.selenium:selenium-json:jar:4.41.0:compile' (C:\Users\sanfu\.m2\repository\org\seleniumhq\selenium\selenium-json\4.41.0\selenium-json-4.41.0.jar) to C:\Users\sanfu\Desktop\TFG-MCP-TESTAR\INGenious_MultiLLM\Dist\release\lib\selenium-json-4.41.0.jar
[INFO] Copying artifact 'org.seleniumhq.selenium:selenium-manager:jar:4.41.0:compile' (C:\Users\sanfu\.m2\repository\org\seleniumhq\selenium\selenium-manager\4.41.0\selenium-manager-4.41.0.jar) to C:\Users\sanfu\Desktop\TFG-MCP-TESTAR\INGenious_MultiLLM\Dist\release\lib\selenium-manager-4.41.0.jar
[INFO] Copying artifact 'org.seleniumhq.selenium:selenium-os:jar:4.41.0:compile' (C:\Users\sanfu\.m2\repository\org\seleniumhq\selenium\selenium-os\4.41.0\selenium-os-4.41.0.jar) to C:\Users\sanfu\Desktop\TFG-MCP-TESTAR\INGenious_MultiLLM\Dist\release\lib\selenium-os-4.41.0.jar
[INFO] Copying artifact 'org.seleniumhq.selenium:selenium-support:jar:4.41.0:compile' (C:\Users\sanfu\.m2\repository\org\seleniumhq\selenium\selenium-support\4.41.0\selenium-support-4.41.0.jar) to C:\Users\sanfu\Desktop\TFG-MCP-TESTAR\INGenious_MultiLLM\Dist\release\lib\selenium-support-4.41.0.jar
[INFO] Copying artifact 'org.jspecify:jspecify:jar:1.0.0:compile' (C:\Users\sanfu\.m2\repository\org\jspecify\jspecify\1.0.0\jspecify-1.0.0.jar) to C:\Users\sanfu\Desktop\TFG-MCP-TESTAR\INGenious_MultiLLM\Dist\release\lib\jspecify-1.0.0.jar
[INFO] Copying artifact 'com.galenframework:galen-core:jar:2.4.4:compile' (C:\Users\sanfu\.m2\repository\com\galenframework\galen-core\2.4.4\galen-core-2.4.4.jar) to C:\Users\sanfu\Desktop\TFG-MCP-TESTAR\INGenious_MultiLLM\Dist\release\lib\galen-core-2.4.4.jar
[INFO] Copying artifact 'com.galenframework:galen-rainbow4j:jar:2.4.4:compile' (C:\Users\sanfu\.m2\repository\com\galenframework\galen-rainbow4j\2.4.4\galen-rainbow4j-2.4.4.jar) to C:\Users\sanfu\Desktop\TFG-MCP-TESTAR\INGenious_MultiLLM\Dist\release\lib\galen-rainbow4j-2.4.4.jar
[INFO] Copying artifact 'org.slf4j:slf4j-simple:jar:1.7.10:compile' (C:\Users\sanfu\.m2\repository\org\slf4j\slf4j-simple\1.7.10\slf4j-simple-1.7.10.jar) to C:\Users\sanfu\Desktop\TFG-MCP-TESTAR\INGenious_MultiLLM\Dist\release\lib\slf4j-simple-1.7.10.jar
[INFO] Copying artifact 'org.mozilla:rhino:jar:1.7.7.2:compile' (C:\Users\sanfu\.m2\repository\org\mozilla\rhino\1.7.7.2\rhino-1.7.7.2.jar) to C:\Users\sanfu\Desktop\TFG-MCP-TESTAR\INGenious_MultiLLM\Dist\release\lib\rhino-1.7.7.2.jar
[INFO] Copying artifact 'com.codeborne:phantomjsdriver:jar:1.2.1:compile' (C:\Users\sanfu\.m2\repository\com\codeborne\phantomjsdriver\1.2.1\phantomjsdriver-1.2.1.jar) to C:\Users\sanfu\Desktop\TFG-MCP-TESTAR\INGenious_MultiLLM\Dist\release\lib\phantomjsdriver-1.2.1.jar
[INFO] Copying artifact 'ru.yandex.qatools.ashot:ashot:jar:1.5.4:compile' (C:\Users\sanfu\.m2\repository\ru\yandex\qatools\ashot\ashot\1.5.4\ashot-1.5.4.jar) to C:\Users\sanfu\Desktop\TFG-MCP-TESTAR\INGenious_MultiLLM\Dist\release\lib\ashot-1.5.4.jar
[INFO] Copying artifact 'org.hamcrest:hamcrest-core:jar:1.3:compile' (C:\Users\sanfu\.m2\repository\org\hamcrest\hamcrest-core\1.3\hamcrest-core-1.3.jar) to C:\Users\sanfu\Desktop\TFG-MCP-TESTAR\INGenious_MultiLLM\Dist\release\lib\hamcrest-core-1.3.jar
[INFO] Copying artifact 'com.github.javafaker:javafaker:jar:1.0.2:compile' (C:\Users\sanfu\.m2\repository\com\github\javafaker\javafaker\1.0.2\javafaker-1.0.2.jar) to C:\Users\sanfu\Desktop\TFG-MCP-TESTAR\INGenious_MultiLLM\Dist\release\lib\javafaker-1.0.2.jar
[INFO] Copying artifact 'org.yaml:snakeyaml:jar:android:1.23:compile' (C:\Users\sanfu\.m2\repository\org\yaml\snakeyaml\1.23\snakeyaml-1.23-android.jar) to C:\Users\sanfu\Desktop\TFG-MCP-TESTAR\INGenious_MultiLLM\Dist\release\lib\snakeyaml-1.23-android.jar
[INFO] Copying artifact 'com.github.mifmif:generex:jar:1.0.2:compile' (C:\Users\sanfu\.m2\repository\com\github\mifmif\generex\1.0.2\generex-1.0.2.jar) to C:\Users\sanfu\Desktop\TFG-MCP-TESTAR\INGenious_MultiLLM\Dist\release\lib\generex-1.0.2.jar
[INFO] Copying artifact 'dk.brics.automaton:automaton:jar:1.11-8:compile' (C:\Users\sanfu\.m2\repository\dk\brics\automaton\automaton\1.11-8\automaton-1.11-8.jar) to C:\Users\sanfu\Desktop\TFG-MCP-TESTAR\INGenious_MultiLLM\Dist\release\lib\automaton-1.11-8.jar
[INFO] Copying artifact 'com.ibm.mq:com.ibm.mq.allclient:jar:9.4.5.0:compile' (C:\Users\sanfu\.m2\repository\com\ibm\mq\com.ibm.mq.allclient\9.4.5.0\com.ibm.mq.allclient-9.4.5.0.jar) to C:\Users\sanfu\Desktop\TFG-MCP-TESTAR\INGenious_MultiLLM\Dist\release\lib\com.ibm.mq.allclient-9.4.5.0.jar
[INFO] Copying artifact 'org.bouncycastle:bcprov-jdk18on:jar:1.83:compile' (C:\Users\sanfu\.m2\repository\org\bouncycastle\bcprov-jdk18on\1.83\bcprov-jdk18on-1.83.jar) to C:\Users\sanfu\Desktop\TFG-MCP-TESTAR\INGenious_MultiLLM\Dist\release\lib\bcprov-jdk18on-1.83.jar
[INFO] Copying artifact 'org.bouncycastle:bcpkix-jdk18on:jar:1.83:compile' (C:\Users\sanfu\.m2\repository\org\bouncycastle\bcpkix-jdk18on\1.83\bcpkix-jdk18on-1.83.jar) to C:\Users\sanfu\Desktop\TFG-MCP-TESTAR\INGenious_MultiLLM\Dist\release\lib\bcpkix-jdk18on-1.83.jar
[INFO] Copying artifact 'org.bouncycastle:bcutil-jdk18on:jar:1.83:compile' (C:\Users\sanfu\.m2\repository\org\bouncycastle\bcutil-jdk18on\1.83\bcutil-jdk18on-1.83.jar) to C:\Users\sanfu\Desktop\TFG-MCP-TESTAR\INGenious_MultiLLM\Dist\release\lib\bcutil-jdk18on-1.83.jar
[INFO] Copying artifact 'javax.jms:javax.jms-api:jar:2.0.1:compile' (C:\Users\sanfu\.m2\repository\javax\jms\javax.jms-api\2.0.1\javax.jms-api-2.0.1.jar) to C:\Users\sanfu\Desktop\TFG-MCP-TESTAR\INGenious_MultiLLM\Dist\release\lib\javax.jms-api-2.0.1.jar
[INFO] Copying artifact 'org.json:json:jar:20251224:compile' (C:\Users\sanfu\.m2\repository\org\json\json\20251224\json-20251224.jar) to C:\Users\sanfu\Desktop\TFG-MCP-TESTAR\INGenious_MultiLLM\Dist\release\lib\json-20251224.jar
[INFO] Copying artifact 'com.mysql:mysql-connector-j:jar:9.4.0:compile' (C:\Users\sanfu\.m2\repository\com\mysql\mysql-connector-j\9.4.0\mysql-connector-j-9.4.0.jar) to C:\Users\sanfu\Desktop\TFG-MCP-TESTAR\INGenious_MultiLLM\Dist\release\lib\mysql-connector-j-9.4.0.jar
[INFO] Copying artifact 'com.google.protobuf:protobuf-java:jar:4.31.1:compile' (C:\Users\sanfu\.m2\repository\com\google\protobuf\protobuf-java\4.31.1\protobuf-java-4.31.1.jar) to C:\Users\sanfu\Desktop\TFG-MCP-TESTAR\INGenious_MultiLLM\Dist\release\lib\protobuf-java-4.31.1.jar
[INFO] Copying artifact 'com.oracle.database.jdbc:ojdbc11:jar:23.26.1.0.0:compile' (C:\Users\sanfu\.m2\repository\com\oracle\database\jdbc\ojdbc11\23.26.1.0.0\ojdbc11-23.26.1.0.0.jar) to C:\Users\sanfu\Desktop\TFG-MCP-TESTAR\INGenious_MultiLLM\Dist\release\lib\ojdbc11-23.26.1.0.0.jar
[INFO] Copying artifact 'com.ing:ingenious-datalib:jar:2.3.1:compile' (C:\Users\sanfu\Desktop\TFG-MCP-TESTAR\INGenious_MultiLLM\Datalib\target\ingenious-datalib-2.3.1.jar) to C:\Users\sanfu\Desktop\TFG-MCP-TESTAR\INGenious_MultiLLM\Dist\release\lib\ingenious-datalib-2.3.1.jar
[INFO] Copying artifact 'org.apache.commons:commons-csv:jar:1.10.0:compile' (C:\Users\sanfu\.m2\repository\org\apache\commons\commons-csv\1.10.0\commons-csv-1.10.0.jar) to C:\Users\sanfu\Desktop\TFG-MCP-TESTAR\INGenious_MultiLLM\Dist\release\lib\commons-csv-1.10.0.jar
[INFO] Copying artifact 'eu.infomas:annotation-detector:jar:3.0.5:compile' (C:\Users\sanfu\.m2\repository\eu\infomas\annotation-detector\3.0.5\annotation-detector-3.0.5.jar) to C:\Users\sanfu\Desktop\TFG-MCP-TESTAR\INGenious_MultiLLM\Dist\release\lib\annotation-detector-3.0.5.jar
[INFO] Copying artifact 'com.fasterxml.jackson.core:jackson-core:jar:2.15.2:compile' (C:\Users\sanfu\.m2\repository\com\fasterxml\jackson\core\jackson-core\2.15.2\jackson-core-2.15.2.jar) to C:\Users\sanfu\Desktop\TFG-MCP-TESTAR\INGenious_MultiLLM\Dist\release\lib\jackson-core-2.15.2.jar
[INFO] Copying artifact 'io.cucumber:gherkin:jar:5.0.0:compile' (C:\Users\sanfu\.m2\repository\io\cucumber\gherkin\5.0.0\gherkin-5.0.0.jar) to C:\Users\sanfu\Desktop\TFG-MCP-TESTAR\INGenious_MultiLLM\Dist\release\lib\gherkin-5.0.0.jar
[INFO] Copying artifact 'io.cucumber:gherkin-jvm-deps:jar:1.0.4:compile' (C:\Users\sanfu\.m2\repository\io\cucumber\gherkin-jvm-deps\1.0.4\gherkin-jvm-deps-1.0.4.jar) to C:\Users\sanfu\Desktop\TFG-MCP-TESTAR\INGenious_MultiLLM\Dist\release\lib\gherkin-jvm-deps-1.0.4.jar
[INFO] Copying artifact 'com.fifesoft:autocomplete:jar:3.0.0:compile' (C:\Users\sanfu\.m2\repository\com\fifesoft\autocomplete\3.0.0\autocomplete-3.0.0.jar) to C:\Users\sanfu\Desktop\TFG-MCP-TESTAR\INGenious_MultiLLM\Dist\release\lib\autocomplete-3.0.0.jar
[INFO] Copying artifact 'com.fifesoft:rsyntaxtextarea:jar:3.0.0:compile' (C:\Users\sanfu\.m2\repository\com\fifesoft\rsyntaxtextarea\3.0.0\rsyntaxtextarea-3.0.0.jar) to C:\Users\sanfu\Desktop\TFG-MCP-TESTAR\INGenious_MultiLLM\Dist\release\lib\rsyntaxtextarea-3.0.0.jar
[INFO] Copying artifact 'org.openjfx:javafx-web:jar:win:17.0.2:compile' (C:\Users\sanfu\.m2\repository\org\openjfx\javafx-web\17.0.2\javafx-web-17.0.2-win.jar) to C:\Users\sanfu\Desktop\TFG-MCP-TESTAR\INGenious_MultiLLM\Dist\release\lib\javafx-web-17.0.2-win.jar
[INFO] Copying artifact 'org.openjfx:javafx-controls:jar:17.0.2:compile' (C:\Users\sanfu\.m2\repository\org\openjfx\javafx-controls\17.0.2\javafx-controls-17.0.2.jar) to C:\Users\sanfu\Desktop\TFG-MCP-TESTAR\INGenious_MultiLLM\Dist\release\lib\javafx-controls-17.0.2.jar
[INFO] Copying artifact 'org.openjfx:javafx-media:jar:17.0.2:compile' (C:\Users\sanfu\.m2\repository\org\openjfx\javafx-media\17.0.2\javafx-media-17.0.2.jar) to C:\Users\sanfu\Desktop\TFG-MCP-TESTAR\INGenious_MultiLLM\Dist\release\lib\javafx-media-17.0.2.jar
[INFO] Copying artifact 'org.openjfx:javafx-media:jar:win:17.0.2:compile' (C:\Users\sanfu\.m2\repository\org\openjfx\javafx-media\17.0.2\javafx-media-17.0.2-win.jar) to C:\Users\sanfu\Desktop\TFG-MCP-TESTAR\INGenious_MultiLLM\Dist\release\lib\javafx-media-17.0.2-win.jar
[INFO] Copying artifact 'org.openjfx:javafx-graphics:jar:17.0.2:compile' (C:\Users\sanfu\.m2\repository\org\openjfx\javafx-graphics\17.0.2\javafx-graphics-17.0.2.jar) to C:\Users\sanfu\Desktop\TFG-MCP-TESTAR\INGenious_MultiLLM\Dist\release\lib\javafx-graphics-17.0.2.jar
[INFO] Copying artifact 'org.openjfx:javafx-swing:jar:win:17.0.2:compile' (C:\Users\sanfu\.m2\repository\org\openjfx\javafx-swing\17.0.2\javafx-swing-17.0.2-win.jar) to C:\Users\sanfu\Desktop\TFG-MCP-TESTAR\INGenious_MultiLLM\Dist\release\lib\javafx-swing-17.0.2-win.jar
[INFO] Copying artifact 'org.openjfx:javafx-graphics:jar:win:17.0.2:compile' (C:\Users\sanfu\.m2\repository\org\openjfx\javafx-graphics\17.0.2\javafx-graphics-17.0.2-win.jar) to C:\Users\sanfu\Desktop\TFG-MCP-TESTAR\INGenious_MultiLLM\Dist\release\lib\javafx-graphics-17.0.2-win.jar
[INFO] Copying artifact 'org.openjfx:javafx-base:jar:17.0.2:compile' (C:\Users\sanfu\.m2\repository\org\openjfx\javafx-base\17.0.2\javafx-base-17.0.2.jar) to C:\Users\sanfu\Desktop\TFG-MCP-TESTAR\INGenious_MultiLLM\Dist\release\lib\javafx-base-17.0.2.jar
[INFO] Copying artifact 'org.openjfx:javafx-controls:jar:win:17.0.2:compile' (C:\Users\sanfu\.m2\repository\org\openjfx\javafx-controls\17.0.2\javafx-controls-17.0.2-win.jar) to C:\Users\sanfu\Desktop\TFG-MCP-TESTAR\INGenious_MultiLLM\Dist\release\lib\javafx-controls-17.0.2-win.jar
[INFO] Copying artifact 'org.openjfx:javafx-base:jar:win:17.0.2:compile' (C:\Users\sanfu\.m2\repository\org\openjfx\javafx-base\17.0.2\javafx-base-17.0.2-win.jar) to C:\Users\sanfu\Desktop\TFG-MCP-TESTAR\INGenious_MultiLLM\Dist\release\lib\javafx-base-17.0.2-win.jar
[INFO] Copying artifact 'org.openjfx:javafx-web:jar:linux:17.0.2:compile' (C:\Users\sanfu\.m2\repository\org\openjfx\javafx-web\17.0.2\javafx-web-17.0.2-linux.jar) to C:\Users\sanfu\Desktop\TFG-MCP-TESTAR\INGenious_MultiLLM\Dist\release\lib\javafx-web-17.0.2-linux.jar
[INFO] Copying artifact 'org.openjfx:javafx-media:jar:linux:17.0.2:compile' (C:\Users\sanfu\.m2\repository\org\openjfx\javafx-media\17.0.2\javafx-media-17.0.2-linux.jar) to C:\Users\sanfu\Desktop\TFG-MCP-TESTAR\INGenious_MultiLLM\Dist\release\lib\javafx-media-17.0.2-linux.jar
[INFO] Copying artifact 'org.openjfx:javafx-swing:jar:linux:17.0.2:compile' (C:\Users\sanfu\.m2\repository\org\openjfx\javafx-swing\17.0.2\javafx-swing-17.0.2-linux.jar) to C:\Users\sanfu\Desktop\TFG-MCP-TESTAR\INGenious_MultiLLM\Dist\release\lib\javafx-swing-17.0.2-linux.jar
[INFO] Copying artifact 'org.openjfx:javafx-graphics:jar:linux:17.0.2:compile' (C:\Users\sanfu\.m2\repository\org\openjfx\javafx-graphics\17.0.2\javafx-graphics-17.0.2-linux.jar) to C:\Users\sanfu\Desktop\TFG-MCP-TESTAR\INGenious_MultiLLM\Dist\release\lib\javafx-graphics-17.0.2-linux.jar
[INFO] Copying artifact 'org.openjfx:javafx-controls:jar:linux:17.0.2:compile' (C:\Users\sanfu\.m2\repository\org\openjfx\javafx-controls\17.0.2\javafx-controls-17.0.2-linux.jar) to C:\Users\sanfu\Desktop\TFG-MCP-TESTAR\INGenious_MultiLLM\Dist\release\lib\javafx-controls-17.0.2-linux.jar
[INFO] Copying artifact 'org.openjfx:javafx-base:jar:linux:17.0.2:compile' (C:\Users\sanfu\.m2\repository\org\openjfx\javafx-base\17.0.2\javafx-base-17.0.2-linux.jar) to C:\Users\sanfu\Desktop\TFG-MCP-TESTAR\INGenious_MultiLLM\Dist\release\lib\javafx-base-17.0.2-linux.jar
[INFO] Copying artifact 'commons-cli:commons-cli:jar:1.4:compile' (C:\Users\sanfu\.m2\repository\commons-cli\commons-cli\1.4\commons-cli-1.4.jar) to C:\Users\sanfu\Desktop\TFG-MCP-TESTAR\INGenious_MultiLLM\Dist\release\lib\commons-cli-1.4.jar
[INFO] Copying artifact 'org.apache.commons:commons-lang3:jar:3.12.0:compile' (C:\Users\sanfu\.m2\repository\org\apache\commons\commons-lang3\3.12.0\commons-lang3-3.12.0.jar) to C:\Users\sanfu\Desktop\TFG-MCP-TESTAR\INGenious_MultiLLM\Dist\release\lib\commons-lang3-3.12.0.jar
[INFO] Copying artifact 'commons-io:commons-io:jar:2.15.0:compile' (C:\Users\sanfu\.m2\repository\commons-io\commons-io\2.15.0\commons-io-2.15.0.jar) to C:\Users\sanfu\Desktop\TFG-MCP-TESTAR\INGenious_MultiLLM\Dist\release\lib\commons-io-2.15.0.jar
[INFO] Copying artifact 'commons-codec:commons-codec:jar:1.16.0:compile' (C:\Users\sanfu\.m2\repository\commons-codec\commons-codec\1.16.0\commons-codec-1.16.0.jar) to C:\Users\sanfu\Desktop\TFG-MCP-TESTAR\INGenious_MultiLLM\Dist\release\lib\commons-codec-1.16.0.jar
[INFO] Copying artifact 'org.apache.httpcomponents:httpclient:jar:4.5.14:compile' (C:\Users\sanfu\.m2\repository\org\apache\httpcomponents\httpclient\4.5.14\httpclient-4.5.14.jar) to C:\Users\sanfu\Desktop\TFG-MCP-TESTAR\INGenious_MultiLLM\Dist\release\lib\httpclient-4.5.14.jar
[INFO] Copying artifact 'commons-logging:commons-logging:jar:1.2:compile' (C:\Users\sanfu\.m2\repository\commons-logging\commons-logging\1.2\commons-logging-1.2.jar) to C:\Users\sanfu\Desktop\TFG-MCP-TESTAR\INGenious_MultiLLM\Dist\release\lib\commons-logging-1.2.jar
[INFO] Copying artifact 'com.google.guava:guava:jar:32.0.1-jre:compile' (C:\Users\sanfu\.m2\repository\com\google\guava\guava\32.0.1-jre\guava-32.0.1-jre.jar) to C:\Users\sanfu\Desktop\TFG-MCP-TESTAR\INGenious_MultiLLM\Dist\release\lib\guava-32.0.1-jre.jar
[INFO] Copying artifact 'com.google.guava:failureaccess:jar:1.0.1:compile' (C:\Users\sanfu\.m2\repository\com\google\guava\failureaccess\1.0.1\failureaccess-1.0.1.jar) to C:\Users\sanfu\Desktop\TFG-MCP-TESTAR\INGenious_MultiLLM\Dist\release\lib\failureaccess-1.0.1.jar
[INFO] Copying artifact 'com.google.guava:listenablefuture:jar:9999.0-empty-to-avoid-conflict-with-guava:compile' (C:\Users\sanfu\.m2\repository\com\google\guava\listenablefuture\9999.0-empty-to-avoid-conflict-with-guava\listenablefuture-9999.0-empty-to-avoid-conflict-with-guava.jar) to C:\Users\sanfu\Desktop\TFG-MCP-TESTAR\INGenious_MultiLLM\Dist\release\lib\listenablefuture-9999.0-empty-to-avoid-conflict-with-guava.jar
[INFO] Copying artifact 'com.google.code.findbugs:jsr305:jar:3.0.2:compile' (C:\Users\sanfu\.m2\repository\com\google\code\findbugs\jsr305\3.0.2\jsr305-3.0.2.jar) to C:\Users\sanfu\Desktop\TFG-MCP-TESTAR\INGenious_MultiLLM\Dist\release\lib\jsr305-3.0.2.jar
[INFO] Copying artifact 'com.googlecode.json-simple:json-simple:jar:1.1.1:compile' (C:\Users\sanfu\.m2\repository\com\googlecode\json-simple\json-simple\1.1.1\json-simple-1.1.1.jar) to C:\Users\sanfu\Desktop\TFG-MCP-TESTAR\INGenious_MultiLLM\Dist\release\lib\json-simple-1.1.1.jar
[INFO] Copying artifact 'junit:junit:jar:4.10:compile' (C:\Users\sanfu\.m2\repository\junit\junit\4.10\junit-4.10.jar) to C:\Users\sanfu\Desktop\TFG-MCP-TESTAR\INGenious_MultiLLM\Dist\release\lib\junit-4.10.jar
[INFO] Copying artifact 'org.eclipse.jetty:jetty-server:jar:9.4.43.v20210629:compile' (C:\Users\sanfu\.m2\repository\org\eclipse\jetty\jetty-server\9.4.43.v20210629\jetty-server-9.4.43.v20210629.jar) to C:\Users\sanfu\Desktop\TFG-MCP-TESTAR\INGenious_MultiLLM\Dist\release\lib\jetty-server-9.4.43.v20210629.jar
[INFO] Copying artifact 'javax.servlet:javax.servlet-api:jar:3.1.0:compile' (C:\Users\sanfu\.m2\repository\javax\servlet\javax.servlet-api\3.1.0\javax.servlet-api-3.1.0.jar) to C:\Users\sanfu\Desktop\TFG-MCP-TESTAR\INGenious_MultiLLM\Dist\release\lib\javax.servlet-api-3.1.0.jar
[INFO] Copying artifact 'org.eclipse.jetty:jetty-http:jar:9.4.43.v20210629:compile' (C:\Users\sanfu\.m2\repository\org\eclipse\jetty\jetty-http\9.4.43.v20210629\jetty-http-9.4.43.v20210629.jar) to C:\Users\sanfu\Desktop\TFG-MCP-TESTAR\INGenious_MultiLLM\Dist\release\lib\jetty-http-9.4.43.v20210629.jar
[INFO] Copying artifact 'org.eclipse.jetty:jetty-util:jar:9.4.43.v20210629:compile' (C:\Users\sanfu\.m2\repository\org\eclipse\jetty\jetty-util\9.4.43.v20210629\jetty-util-9.4.43.v20210629.jar) to C:\Users\sanfu\Desktop\TFG-MCP-TESTAR\INGenious_MultiLLM\Dist\release\lib\jetty-util-9.4.43.v20210629.jar
[INFO] Copying artifact 'org.eclipse.jetty:jetty-io:jar:9.4.43.v20210629:compile' (C:\Users\sanfu\.m2\repository\org\eclipse\jetty\jetty-io\9.4.43.v20210629\jetty-io-9.4.43.v20210629.jar) to C:\Users\sanfu\Desktop\TFG-MCP-TESTAR\INGenious_MultiLLM\Dist\release\lib\jetty-io-9.4.43.v20210629.jar
[INFO] Copying artifact 'org.eclipse.jetty:jetty-servlet:jar:9.4.43.v20210629:compile' (C:\Users\sanfu\.m2\repository\org\eclipse\jetty\jetty-servlet\9.4.43.v20210629\jetty-servlet-9.4.43.v20210629.jar) to C:\Users\sanfu\Desktop\TFG-MCP-TESTAR\INGenious_MultiLLM\Dist\release\lib\jetty-servlet-9.4.43.v20210629.jar
[INFO] Copying artifact 'org.eclipse.jetty:jetty-security:jar:9.4.43.v20210629:compile' (C:\Users\sanfu\.m2\repository\org\eclipse\jetty\jetty-security\9.4.43.v20210629\jetty-security-9.4.43.v20210629.jar) to C:\Users\sanfu\Desktop\TFG-MCP-TESTAR\INGenious_MultiLLM\Dist\release\lib\jetty-security-9.4.43.v20210629.jar
[INFO] Copying artifact 'org.eclipse.jetty:jetty-util-ajax:jar:9.4.43.v20210629:compile' (C:\Users\sanfu\.m2\repository\org\eclipse\jetty\jetty-util-ajax\9.4.43.v20210629\jetty-util-ajax-9.4.43.v20210629.jar) to C:\Users\sanfu\Desktop\TFG-MCP-TESTAR\INGenious_MultiLLM\Dist\release\lib\jetty-util-ajax-9.4.43.v20210629.jar
[INFO] Copying artifact 'org.eclipse.jetty.websocket:websocket-servlet:jar:9.4.43.v20210629:compile' (C:\Users\sanfu\.m2\repository\org\eclipse\jetty\websocket\websocket-servlet\9.4.43.v20210629\websocket-servlet-9.4.43.v20210629.jar) to C:\Users\sanfu\Desktop\TFG-MCP-TESTAR\INGenious_MultiLLM\Dist\release\lib\websocket-servlet-9.4.43.v20210629.jar
[INFO] Copying artifact 'org.eclipse.jetty.websocket:websocket-api:jar:9.4.43.v20210629:compile' (C:\Users\sanfu\.m2\repository\org\eclipse\jetty\websocket\websocket-api\9.4.43.v20210629\websocket-api-9.4.43.v20210629.jar) to C:\Users\sanfu\Desktop\TFG-MCP-TESTAR\INGenious_MultiLLM\Dist\release\lib\websocket-api-9.4.43.v20210629.jar
[INFO] Copying artifact 'org.openjfx:javafx-web:jar:mac-aarch64:17.0.2:compile' (C:\Users\sanfu\.m2\repository\org\openjfx\javafx-web\17.0.2\javafx-web-17.0.2-mac-aarch64.jar) to C:\Users\sanfu\Desktop\TFG-MCP-TESTAR\INGenious_MultiLLM\Dist\release\lib\javafx-web-17.0.2-mac-aarch64.jar
[INFO] Copying artifact 'org.openjfx:javafx-media:jar:mac-aarch64:17.0.2:compile' (C:\Users\sanfu\.m2\repository\org\openjfx\javafx-media\17.0.2\javafx-media-17.0.2-mac-aarch64.jar) to C:\Users\sanfu\Desktop\TFG-MCP-TESTAR\INGenious_MultiLLM\Dist\release\lib\javafx-media-17.0.2-mac-aarch64.jar
[INFO] Copying artifact 'org.openjfx:javafx-swing:jar:mac-aarch64:17.0.2:compile' (C:\Users\sanfu\.m2\repository\org\openjfx\javafx-swing\17.0.2\javafx-swing-17.0.2-mac-aarch64.jar) to C:\Users\sanfu\Desktop\TFG-MCP-TESTAR\INGenious_MultiLLM\Dist\release\lib\javafx-swing-17.0.2-mac-aarch64.jar
[INFO] Copying artifact 'org.openjfx:javafx-graphics:jar:mac-aarch64:17.0.2:compile' (C:\Users\sanfu\.m2\repository\org\openjfx\javafx-graphics\17.0.2\javafx-graphics-17.0.2-mac-aarch64.jar) to C:\Users\sanfu\Desktop\TFG-MCP-TESTAR\INGenious_MultiLLM\Dist\release\lib\javafx-graphics-17.0.2-mac-aarch64.jar
[INFO] Copying artifact 'org.openjfx:javafx-controls:jar:mac-aarch64:17.0.2:compile' (C:\Users\sanfu\.m2\repository\org\openjfx\javafx-controls\17.0.2\javafx-controls-17.0.2-mac-aarch64.jar) to C:\Users\sanfu\Desktop\TFG-MCP-TESTAR\INGenious_MultiLLM\Dist\release\lib\javafx-controls-17.0.2-mac-aarch64.jar
[INFO] Copying artifact 'org.openjfx:javafx-base:jar:mac-aarch64:17.0.2:compile' (C:\Users\sanfu\.m2\repository\org\openjfx\javafx-base\17.0.2\javafx-base-17.0.2-mac-aarch64.jar) to C:\Users\sanfu\Desktop\TFG-MCP-TESTAR\INGenious_MultiLLM\Dist\release\lib\javafx-base-17.0.2-mac-aarch64.jar
[INFO] Copying artifact 'com.github.TESTARtool.TESTAR_dev:core:jar:v2.7.15:compile' (C:\Users\sanfu\.m2\repository\com\github\TESTARtool\TESTAR_dev\core\v2.7.15\core-v2.7.15.jar) to C:\Users\sanfu\Desktop\TFG-MCP-TESTAR\INGenious_MultiLLM\Dist\release\lib\core-v2.7.15.jar
[INFO] Copying artifact 'org.seleniumhq.selenium:selenium-java:jar:4.38.0:compile' (C:\Users\sanfu\.m2\repository\org\seleniumhq\selenium\selenium-java\4.38.0\selenium-java-4.38.0.jar) to C:\Users\sanfu\Desktop\TFG-MCP-TESTAR\INGenious_MultiLLM\Dist\release\lib\selenium-java-4.38.0.jar
[INFO] Copying artifact 'org.seleniumhq.selenium:selenium-chrome-driver:jar:4.38.0:compile' (C:\Users\sanfu\.m2\repository\org\seleniumhq\selenium\selenium-chrome-driver\4.38.0\selenium-chrome-driver-4.38.0.jar) to C:\Users\sanfu\Desktop\TFG-MCP-TESTAR\INGenious_MultiLLM\Dist\release\lib\selenium-chrome-driver-4.38.0.jar
[INFO] Copying artifact 'org.seleniumhq.selenium:selenium-chromium-driver:jar:4.38.0:compile' (C:\Users\sanfu\.m2\repository\org\seleniumhq\selenium\selenium-chromium-driver\4.38.0\selenium-chromium-driver-4.38.0.jar) to C:\Users\sanfu\Desktop\TFG-MCP-TESTAR\INGenious_MultiLLM\Dist\release\lib\selenium-chromium-driver-4.38.0.jar
[INFO] Copying artifact 'org.seleniumhq.selenium:selenium-devtools-v140:jar:4.38.0:compile' (C:\Users\sanfu\.m2\repository\org\seleniumhq\selenium\selenium-devtools-v140\4.38.0\selenium-devtools-v140-4.38.0.jar) to C:\Users\sanfu\Desktop\TFG-MCP-TESTAR\INGenious_MultiLLM\Dist\release\lib\selenium-devtools-v140-4.38.0.jar
[INFO] Copying artifact 'org.seleniumhq.selenium:selenium-devtools-v141:jar:4.38.0:compile' (C:\Users\sanfu\.m2\repository\org\seleniumhq\selenium\selenium-devtools-v141\4.38.0\selenium-devtools-v141-4.38.0.jar) to C:\Users\sanfu\Desktop\TFG-MCP-TESTAR\INGenious_MultiLLM\Dist\release\lib\selenium-devtools-v141-4.38.0.jar
[INFO] Copying artifact 'org.seleniumhq.selenium:selenium-devtools-v142:jar:4.38.0:compile' (C:\Users\sanfu\.m2\repository\org\seleniumhq\selenium\selenium-devtools-v142\4.38.0\selenium-devtools-v142-4.38.0.jar) to C:\Users\sanfu\Desktop\TFG-MCP-TESTAR\INGenious_MultiLLM\Dist\release\lib\selenium-devtools-v142-4.38.0.jar
[INFO] Copying artifact 'org.seleniumhq.selenium:selenium-edge-driver:jar:4.38.0:compile' (C:\Users\sanfu\.m2\repository\org\seleniumhq\selenium\selenium-edge-driver\4.38.0\selenium-edge-driver-4.38.0.jar) to C:\Users\sanfu\Desktop\TFG-MCP-TESTAR\INGenious_MultiLLM\Dist\release\lib\selenium-edge-driver-4.38.0.jar
[INFO] Copying artifact 'org.seleniumhq.selenium:selenium-firefox-driver:jar:4.38.0:compile' (C:\Users\sanfu\.m2\repository\org\seleniumhq\selenium\selenium-firefox-driver\4.38.0\selenium-firefox-driver-4.38.0.jar) to C:\Users\sanfu\Desktop\TFG-MCP-TESTAR\INGenious_MultiLLM\Dist\release\lib\selenium-firefox-driver-4.38.0.jar
[INFO] Copying artifact 'org.seleniumhq.selenium:selenium-ie-driver:jar:4.38.0:compile' (C:\Users\sanfu\.m2\repository\org\seleniumhq\selenium\selenium-ie-driver\4.38.0\selenium-ie-driver-4.38.0.jar) to C:\Users\sanfu\Desktop\TFG-MCP-TESTAR\INGenious_MultiLLM\Dist\release\lib\selenium-ie-driver-4.38.0.jar
[INFO] Copying artifact 'org.seleniumhq.selenium:selenium-safari-driver:jar:4.38.0:compile' (C:\Users\sanfu\.m2\repository\org\seleniumhq\selenium\selenium-safari-driver\4.38.0\selenium-safari-driver-4.38.0.jar) to C:\Users\sanfu\Desktop\TFG-MCP-TESTAR\INGenious_MultiLLM\Dist\release\lib\selenium-safari-driver-4.38.0.jar
[INFO] Copying artifact 'io.github.bonigarcia:webdrivermanager:jar:6.3.2:runtime' (C:\Users\sanfu\.m2\repository\io\github\bonigarcia\webdrivermanager\6.3.2\webdrivermanager-6.3.2.jar) to C:\Users\sanfu\Desktop\TFG-MCP-TESTAR\INGenious_MultiLLM\Dist\release\lib\webdrivermanager-6.3.2.jar
[INFO] Copying artifact 'com.github.docker-java:docker-java:jar:3.6.0:runtime' (C:\Users\sanfu\.m2\repository\com\github\docker-java\docker-java\3.6.0\docker-java-3.6.0.jar) to C:\Users\sanfu\Desktop\TFG-MCP-TESTAR\INGenious_MultiLLM\Dist\release\lib\docker-java-3.6.0.jar
[INFO] Copying artifact 'com.github.docker-java.docker-java:docker-java:jar:3.6.0:runtime' (C:\Users\sanfu\.m2\repository\com\github\docker-java\docker-java\docker-java\3.6.0\docker-java-3.6.0.jar) to C:\Users\sanfu\Desktop\TFG-MCP-TESTAR\INGenious_MultiLLM\Dist\release\lib\docker-java-3.6.0.jar
[INFO] Copying artifact 'org.slf4j:jcl-over-slf4j:jar:1.7.30:runtime' (C:\Users\sanfu\.m2\repository\org\slf4j\jcl-over-slf4j\1.7.30\jcl-over-slf4j-1.7.30.jar) to C:\Users\sanfu\Desktop\TFG-MCP-TESTAR\INGenious_MultiLLM\Dist\release\lib\jcl-over-slf4j-1.7.30.jar
[INFO] Copying artifact 'com.github.docker-java.docker-java:docker-java-api:jar:3.6.0:runtime' (C:\Users\sanfu\.m2\repository\com\github\docker-java\docker-java\docker-java-api\3.6.0\docker-java-api-3.6.0.jar) to C:\Users\sanfu\Desktop\TFG-MCP-TESTAR\INGenious_MultiLLM\Dist\release\lib\docker-java-api-3.6.0.jar
[INFO] Copying artifact 'com.github.docker-java.docker-java:docker-java-core:jar:3.6.0:runtime' (C:\Users\sanfu\.m2\repository\com\github\docker-java\docker-java\docker-java-core\3.6.0\docker-java-core-3.6.0.jar) to C:\Users\sanfu\Desktop\TFG-MCP-TESTAR\INGenious_MultiLLM\Dist\release\lib\docker-java-core-3.6.0.jar
[INFO] Copying artifact 'com.github.docker-java.docker-java:docker-java-transport:jar:3.6.0:runtime' (C:\Users\sanfu\.m2\repository\com\github\docker-java\docker-java\docker-java-transport\3.6.0\docker-java-transport-3.6.0.jar) to C:\Users\sanfu\Desktop\TFG-MCP-TESTAR\INGenious_MultiLLM\Dist\release\lib\docker-java-transport-3.6.0.jar
[INFO] Copying artifact 'com.github.docker-java.docker-java:docker-java-transport-httpclient5:jar:3.6.0:runtime' (C:\Users\sanfu\.m2\repository\com\github\docker-java\docker-java\docker-java-transport-httpclient5\3.6.0\docker-java-transport-httpclient5-3.6.0.jar) to C:\Users\sanfu\Desktop\TFG-MCP-TESTAR\INGenious_MultiLLM\Dist\release\lib\docker-java-transport-httpclient5-3.6.0.jar
[INFO] Copying artifact 'com.github.docker-java.docker-java:docker-java-transport-jersey:jar:3.6.0:runtime' (C:\Users\sanfu\.m2\repository\com\github\docker-java\docker-java\docker-java-transport-jersey\3.6.0\docker-java-transport-jersey-3.6.0.jar) to C:\Users\sanfu\Desktop\TFG-MCP-TESTAR\INGenious_MultiLLM\Dist\release\lib\docker-java-transport-jersey-3.6.0.jar
[INFO] Copying artifact 'org.glassfish.jersey.connectors:jersey-apache-connector:jar:2.47:runtime' (C:\Users\sanfu\.m2\repository\org\glassfish\jersey\connectors\jersey-apache-connector\2.47\jersey-apache-connector-2.47.jar) to C:\Users\sanfu\Desktop\TFG-MCP-TESTAR\INGenious_MultiLLM\Dist\release\lib\jersey-apache-connector-2.47.jar
[INFO] Copying artifact 'org.glassfish.jersey.core:jersey-common:jar:2.47:runtime' (C:\Users\sanfu\.m2\repository\org\glassfish\jersey\core\jersey-common\2.47\jersey-common-2.47.jar) to C:\Users\sanfu\Desktop\TFG-MCP-TESTAR\INGenious_MultiLLM\Dist\release\lib\jersey-common-2.47.jar
[INFO] Copying artifact 'jakarta.annotation:jakarta.annotation-api:jar:1.3.5:runtime' (C:\Users\sanfu\.m2\repository\jakarta\annotation\jakarta.annotation-api\1.3.5\jakarta.annotation-api-1.3.5.jar) to C:\Users\sanfu\Desktop\TFG-MCP-TESTAR\INGenious_MultiLLM\Dist\release\lib\jakarta.annotation-api-1.3.5.jar
[INFO] Copying artifact 'org.glassfish.hk2:osgi-resource-locator:jar:1.0.3:runtime' (C:\Users\sanfu\.m2\repository\org\glassfish\hk2\osgi-resource-locator\1.0.3\osgi-resource-locator-1.0.3.jar) to C:\Users\sanfu\Desktop\TFG-MCP-TESTAR\INGenious_MultiLLM\Dist\release\lib\osgi-resource-locator-1.0.3.jar
[INFO] Copying artifact 'jakarta.ws.rs:jakarta.ws.rs-api:jar:2.1.6:runtime' (C:\Users\sanfu\.m2\repository\jakarta\ws\rs\jakarta.ws.rs-api\2.1.6\jakarta.ws.rs-api-2.1.6.jar) to C:\Users\sanfu\Desktop\TFG-MCP-TESTAR\INGenious_MultiLLM\Dist\release\lib\jakarta.ws.rs-api-2.1.6.jar
[INFO] Copying artifact 'org.glassfish.jersey.core:jersey-client:jar:2.47:runtime' (C:\Users\sanfu\.m2\repository\org\glassfish\jersey\core\jersey-client\2.47\jersey-client-2.47.jar) to C:\Users\sanfu\Desktop\TFG-MCP-TESTAR\INGenious_MultiLLM\Dist\release\lib\jersey-client-2.47.jar
[INFO] Copying artifact 'org.glassfish.hk2.external:jakarta.inject:jar:2.6.1:runtime' (C:\Users\sanfu\.m2\repository\org\glassfish\hk2\external\jakarta.inject\2.6.1\jakarta.inject-2.6.1.jar) to C:\Users\sanfu\Desktop\TFG-MCP-TESTAR\INGenious_MultiLLM\Dist\release\lib\jakarta.inject-2.6.1.jar
[INFO] Copying artifact 'org.glassfish.jersey.inject:jersey-hk2:jar:2.47:runtime' (C:\Users\sanfu\.m2\repository\org\glassfish\jersey\inject\jersey-hk2\2.47\jersey-hk2-2.47.jar) to C:\Users\sanfu\Desktop\TFG-MCP-TESTAR\INGenious_MultiLLM\Dist\release\lib\jersey-hk2-2.47.jar
[INFO] Copying artifact 'org.glassfish.hk2:hk2-locator:jar:2.6.1:runtime' (C:\Users\sanfu\.m2\repository\org\glassfish\hk2\hk2-locator\2.6.1\hk2-locator-2.6.1.jar) to C:\Users\sanfu\Desktop\TFG-MCP-TESTAR\INGenious_MultiLLM\Dist\release\lib\hk2-locator-2.6.1.jar
[INFO] Copying artifact 'org.glassfish.hk2.external:aopalliance-repackaged:jar:2.6.1:runtime' (C:\Users\sanfu\.m2\repository\org\glassfish\hk2\external\aopalliance-repackaged\2.6.1\aopalliance-repackaged-2.6.1.jar) to C:\Users\sanfu\Desktop\TFG-MCP-TESTAR\INGenious_MultiLLM\Dist\release\lib\aopalliance-repackaged-2.6.1.jar
[INFO] Copying artifact 'org.glassfish.hk2:hk2-api:jar:2.6.1:runtime' (C:\Users\sanfu\.m2\repository\org\glassfish\hk2\hk2-api\2.6.1\hk2-api-2.6.1.jar) to C:\Users\sanfu\Desktop\TFG-MCP-TESTAR\INGenious_MultiLLM\Dist\release\lib\hk2-api-2.6.1.jar
[INFO] Copying artifact 'org.glassfish.hk2:hk2-utils:jar:2.6.1:runtime' (C:\Users\sanfu\.m2\repository\org\glassfish\hk2\hk2-utils\2.6.1\hk2-utils-2.6.1.jar) to C:\Users\sanfu\Desktop\TFG-MCP-TESTAR\INGenious_MultiLLM\Dist\release\lib\hk2-utils-2.6.1.jar
[INFO] Copying artifact 'org.javassist:javassist:jar:3.30.2-GA:runtime' (C:\Users\sanfu\.m2\repository\org\javassist\javassist\3.30.2-GA\javassist-3.30.2-GA.jar) to C:\Users\sanfu\Desktop\TFG-MCP-TESTAR\INGenious_MultiLLM\Dist\release\lib\javassist-3.30.2-GA.jar
[INFO] Copying artifact 'com.kohlschutter.junixsocket:junixsocket-common:jar:2.10.1:runtime' (C:\Users\sanfu\.m2\repository\com\kohlschutter\junixsocket\junixsocket-common\2.10.1\junixsocket-common-2.10.1.jar) to C:\Users\sanfu\Desktop\TFG-MCP-TESTAR\INGenious_MultiLLM\Dist\release\lib\junixsocket-common-2.10.1.jar
[INFO] Copying artifact 'com.kohlschutter.junixsocket:junixsocket-native-common:jar:2.10.1:runtime' (C:\Users\sanfu\.m2\repository\com\kohlschutter\junixsocket\junixsocket-native-common\2.10.1\junixsocket-native-common-2.10.1.jar) to C:\Users\sanfu\Desktop\TFG-MCP-TESTAR\INGenious_MultiLLM\Dist\release\lib\junixsocket-native-common-2.10.1.jar
[INFO] Copying artifact 'com.github.docker-java.docker-java:docker-java-transport-netty:jar:3.6.0:runtime' (C:\Users\sanfu\.m2\repository\com\github\docker-java\docker-java\docker-java-transport-netty\3.6.0\docker-java-transport-netty-3.6.0.jar) to C:\Users\sanfu\Desktop\TFG-MCP-TESTAR\INGenious_MultiLLM\Dist\release\lib\docker-java-transport-netty-3.6.0.jar
[INFO] Copying artifact 'io.netty:netty-codec-http:jar:4.2.4.Final:runtime' (C:\Users\sanfu\.m2\repository\io\netty\netty-codec-http\4.2.4.Final\netty-codec-http-4.2.4.Final.jar) to C:\Users\sanfu\Desktop\TFG-MCP-TESTAR\INGenious_MultiLLM\Dist\release\lib\netty-codec-http-4.2.4.Final.jar
[INFO] Copying artifact 'io.netty:netty-common:jar:4.2.4.Final:runtime' (C:\Users\sanfu\.m2\repository\io\netty\netty-common\4.2.4.Final\netty-common-4.2.4.Final.jar) to C:\Users\sanfu\Desktop\TFG-MCP-TESTAR\INGenious_MultiLLM\Dist\release\lib\netty-common-4.2.4.Final.jar
[INFO] Copying artifact 'io.netty:netty-buffer:jar:4.2.4.Final:runtime' (C:\Users\sanfu\.m2\repository\io\netty\netty-buffer\4.2.4.Final\netty-buffer-4.2.4.Final.jar) to C:\Users\sanfu\Desktop\TFG-MCP-TESTAR\INGenious_MultiLLM\Dist\release\lib\netty-buffer-4.2.4.Final.jar
[INFO] Copying artifact 'io.netty:netty-transport:jar:4.2.4.Final:runtime' (C:\Users\sanfu\.m2\repository\io\netty\netty-transport\4.2.4.Final\netty-transport-4.2.4.Final.jar) to C:\Users\sanfu\Desktop\TFG-MCP-TESTAR\INGenious_MultiLLM\Dist\release\lib\netty-transport-4.2.4.Final.jar
[INFO] Copying artifact 'io.netty:netty-codec-base:jar:4.2.4.Final:runtime' (C:\Users\sanfu\.m2\repository\io\netty\netty-codec-base\4.2.4.Final\netty-codec-base-4.2.4.Final.jar) to C:\Users\sanfu\Desktop\TFG-MCP-TESTAR\INGenious_MultiLLM\Dist\release\lib\netty-codec-base-4.2.4.Final.jar
[INFO] Copying artifact 'io.netty:netty-codec-compression:jar:4.2.4.Final:runtime' (C:\Users\sanfu\.m2\repository\io\netty\netty-codec-compression\4.2.4.Final\netty-codec-compression-4.2.4.Final.jar) to C:\Users\sanfu\Desktop\TFG-MCP-TESTAR\INGenious_MultiLLM\Dist\release\lib\netty-codec-compression-4.2.4.Final.jar
[INFO] Copying artifact 'io.netty:netty-handler:jar:4.2.4.Final:runtime' (C:\Users\sanfu\.m2\repository\io\netty\netty-handler\4.2.4.Final\netty-handler-4.2.4.Final.jar) to C:\Users\sanfu\Desktop\TFG-MCP-TESTAR\INGenious_MultiLLM\Dist\release\lib\netty-handler-4.2.4.Final.jar
[INFO] Copying artifact 'io.netty:netty-resolver:jar:4.2.4.Final:runtime' (C:\Users\sanfu\.m2\repository\io\netty\netty-resolver\4.2.4.Final\netty-resolver-4.2.4.Final.jar) to C:\Users\sanfu\Desktop\TFG-MCP-TESTAR\INGenious_MultiLLM\Dist\release\lib\netty-resolver-4.2.4.Final.jar
[INFO] Copying artifact 'io.netty:netty-transport-native-unix-common:jar:4.2.4.Final:runtime' (C:\Users\sanfu\.m2\repository\io\netty\netty-transport-native-unix-common\4.2.4.Final\netty-transport-native-unix-common-4.2.4.Final.jar) to C:\Users\sanfu\Desktop\TFG-MCP-TESTAR\INGenious_MultiLLM\Dist\release\lib\netty-transport-native-unix-common-4.2.4.Final.jar
[INFO] Copying artifact 'io.netty:netty-handler-proxy:jar:4.2.4.Final:runtime' (C:\Users\sanfu\.m2\repository\io\netty\netty-handler-proxy\4.2.4.Final\netty-handler-proxy-4.2.4.Final.jar) to C:\Users\sanfu\Desktop\TFG-MCP-TESTAR\INGenious_MultiLLM\Dist\release\lib\netty-handler-proxy-4.2.4.Final.jar
[INFO] Copying artifact 'io.netty:netty-codec-socks:jar:4.2.4.Final:runtime' (C:\Users\sanfu\.m2\repository\io\netty\netty-codec-socks\4.2.4.Final\netty-codec-socks-4.2.4.Final.jar) to C:\Users\sanfu\Desktop\TFG-MCP-TESTAR\INGenious_MultiLLM\Dist\release\lib\netty-codec-socks-4.2.4.Final.jar
[INFO] Copying artifact 'io.netty:netty-transport-native-epoll:jar:linux-x86_64:4.2.4.Final:runtime' (C:\Users\sanfu\.m2\repository\io\netty\netty-transport-native-epoll\4.2.4.Final\netty-transport-native-epoll-4.2.4.Final-linux-x86_64.jar) to C:\Users\sanfu\Desktop\TFG-MCP-TESTAR\INGenious_MultiLLM\Dist\release\lib\netty-transport-native-epoll-4.2.4.Final-linux-x86_64.jar
[INFO] Copying artifact 'io.netty:netty-transport-classes-epoll:jar:4.2.4.Final:runtime' (C:\Users\sanfu\.m2\repository\io\netty\netty-transport-classes-epoll\4.2.4.Final\netty-transport-classes-epoll-4.2.4.Final.jar) to C:\Users\sanfu\Desktop\TFG-MCP-TESTAR\INGenious_MultiLLM\Dist\release\lib\netty-transport-classes-epoll-4.2.4.Final.jar
[INFO] Copying artifact 'io.netty:netty-transport-native-kqueue:jar:osx-x86_64:4.2.4.Final:runtime' (C:\Users\sanfu\.m2\repository\io\netty\netty-transport-native-kqueue\4.2.4.Final\netty-transport-native-kqueue-4.2.4.Final-osx-x86_64.jar) to C:\Users\sanfu\Desktop\TFG-MCP-TESTAR\INGenious_MultiLLM\Dist\release\lib\netty-transport-native-kqueue-4.2.4.Final-osx-x86_64.jar
[INFO] Copying artifact 'io.netty:netty-transport-classes-kqueue:jar:4.2.4.Final:runtime' (C:\Users\sanfu\.m2\repository\io\netty\netty-transport-classes-kqueue\4.2.4.Final\netty-transport-classes-kqueue-4.2.4.Final.jar) to C:\Users\sanfu\Desktop\TFG-MCP-TESTAR\INGenious_MultiLLM\Dist\release\lib\netty-transport-classes-kqueue-4.2.4.Final.jar
[INFO] Copying artifact 'com.github.docker-java.docker-java:docker-java-transport-okhttp:jar:3.6.0:runtime' (C:\Users\sanfu\.m2\repository\com\github\docker-java\docker-java\docker-java-transport-okhttp\3.6.0\docker-java-transport-okhttp-3.6.0.jar) to C:\Users\sanfu\Desktop\TFG-MCP-TESTAR\INGenious_MultiLLM\Dist\release\lib\docker-java-transport-okhttp-3.6.0.jar
[INFO] Copying artifact 'com.github.docker-java.docker-java:docker-java-transport-tck:jar:3.6.0:runtime' (C:\Users\sanfu\.m2\repository\com\github\docker-java\docker-java\docker-java-transport-tck\3.6.0\docker-java-transport-tck-3.6.0.jar) to C:\Users\sanfu\Desktop\TFG-MCP-TESTAR\INGenious_MultiLLM\Dist\release\lib\docker-java-transport-tck-3.6.0.jar
[INFO] Copying artifact 'org.assertj:assertj-core:jar:3.27.4:runtime' (C:\Users\sanfu\.m2\repository\org\assertj\assertj-core\3.27.4\assertj-core-3.27.4.jar) to C:\Users\sanfu\Desktop\TFG-MCP-TESTAR\INGenious_MultiLLM\Dist\release\lib\assertj-core-3.27.4.jar
[INFO] Copying artifact 'com.squareup.okhttp3:mockwebserver:jar:3.14.9:runtime' (C:\Users\sanfu\.m2\repository\com\squareup\okhttp3\mockwebserver\3.14.9\mockwebserver-3.14.9.jar) to C:\Users\sanfu\Desktop\TFG-MCP-TESTAR\INGenious_MultiLLM\Dist\release\lib\mockwebserver-3.14.9.jar
[INFO] Copying artifact 'org.testcontainers:testcontainers:jar:1.21.3:runtime' (C:\Users\sanfu\.m2\repository\org\testcontainers\testcontainers\1.21.3\testcontainers-1.21.3.jar) to C:\Users\sanfu\Desktop\TFG-MCP-TESTAR\INGenious_MultiLLM\Dist\release\lib\testcontainers-1.21.3.jar
[INFO] Copying artifact 'org.rnorth.duct-tape:duct-tape:jar:1.0.8:runtime' (C:\Users\sanfu\.m2\repository\org\rnorth\duct-tape\duct-tape\1.0.8\duct-tape-1.0.8.jar) to C:\Users\sanfu\Desktop\TFG-MCP-TESTAR\INGenious_MultiLLM\Dist\release\lib\duct-tape-1.0.8.jar
[INFO] Copying artifact 'org.jetbrains:annotations:jar:17.0.0:runtime' (C:\Users\sanfu\.m2\repository\org\jetbrains\annotations\17.0.0\annotations-17.0.0.jar) to C:\Users\sanfu\Desktop\TFG-MCP-TESTAR\INGenious_MultiLLM\Dist\release\lib\annotations-17.0.0.jar
[INFO] Copying artifact 'com.github.docker-java:docker-java-api:jar:3.4.2:runtime' (C:\Users\sanfu\.m2\repository\com\github\docker-java\docker-java-api\3.4.2\docker-java-api-3.4.2.jar) to C:\Users\sanfu\Desktop\TFG-MCP-TESTAR\INGenious_MultiLLM\Dist\release\lib\docker-java-api-3.4.2.jar
[INFO] Copying artifact 'com.github.docker-java:docker-java-transport-zerodep:jar:3.4.2:runtime' (C:\Users\sanfu\.m2\repository\com\github\docker-java\docker-java-transport-zerodep\3.4.2\docker-java-transport-zerodep-3.4.2.jar) to C:\Users\sanfu\Desktop\TFG-MCP-TESTAR\INGenious_MultiLLM\Dist\release\lib\docker-java-transport-zerodep-3.4.2.jar
[INFO] Copying artifact 'org.slf4j:slf4j-jdk14:jar:1.7.35:runtime' (C:\Users\sanfu\.m2\repository\org\slf4j\slf4j-jdk14\1.7.35\slf4j-jdk14-1.7.35.jar) to C:\Users\sanfu\Desktop\TFG-MCP-TESTAR\INGenious_MultiLLM\Dist\release\lib\slf4j-jdk14-1.7.35.jar
[INFO] Copying artifact 'com.github.docker-java.docker-java:docker-java-transport-zerodep:jar:3.6.0:runtime' (C:\Users\sanfu\.m2\repository\com\github\docker-java\docker-java\docker-java-transport-zerodep\3.6.0\docker-java-transport-zerodep-3.6.0.jar) to C:\Users\sanfu\Desktop\TFG-MCP-TESTAR\INGenious_MultiLLM\Dist\release\lib\docker-java-transport-zerodep-3.6.0.jar
[INFO] Copying artifact 'com.github.docker-java:docker-java-transport-httpclient5:jar:3.6.0:runtime' (C:\Users\sanfu\.m2\repository\com\github\docker-java\docker-java-transport-httpclient5\3.6.0\docker-java-transport-httpclient5-3.6.0.jar) to C:\Users\sanfu\Desktop\TFG-MCP-TESTAR\INGenious_MultiLLM\Dist\release\lib\docker-java-transport-httpclient5-3.6.0.jar
[INFO] Copying artifact 'com.github.docker-java:docker-java-transport:jar:3.6.0:runtime' (C:\Users\sanfu\.m2\repository\com\github\docker-java\docker-java-transport\3.6.0\docker-java-transport-3.6.0.jar) to C:\Users\sanfu\Desktop\TFG-MCP-TESTAR\INGenious_MultiLLM\Dist\release\lib\docker-java-transport-3.6.0.jar
[INFO] Copying artifact 'net.java.dev.jna:jna:jar:5.17.0:runtime' (C:\Users\sanfu\.m2\repository\net\java\dev\jna\jna\5.17.0\jna-5.17.0.jar) to C:\Users\sanfu\Desktop\TFG-MCP-TESTAR\INGenious_MultiLLM\Dist\release\lib\jna-5.17.0.jar
[INFO] Copying artifact 'org.brotli:dec:jar:0.1.2:runtime' (C:\Users\sanfu\.m2\repository\org\brotli\dec\0.1.2\dec-0.1.2.jar) to C:\Users\sanfu\Desktop\TFG-MCP-TESTAR\INGenious_MultiLLM\Dist\release\lib\dec-0.1.2.jar
[INFO] Copying artifact 'org.apache.httpcomponents.client5:httpclient5:jar:5.4.3:runtime' (C:\Users\sanfu\.m2\repository\org\apache\httpcomponents\client5\httpclient5\5.4.3\httpclient5-5.4.3.jar) to C:\Users\sanfu\Desktop\TFG-MCP-TESTAR\INGenious_MultiLLM\Dist\release\lib\httpclient5-5.4.3.jar
[INFO] Copying artifact 'org.apache.httpcomponents.core5:httpcore5:jar:5.3.4:runtime' (C:\Users\sanfu\.m2\repository\org\apache\httpcomponents\core5\httpcore5\5.3.4\httpcore5-5.3.4.jar) to C:\Users\sanfu\Desktop\TFG-MCP-TESTAR\INGenious_MultiLLM\Dist\release\lib\httpcore5-5.3.4.jar
[INFO] Copying artifact 'org.apache.httpcomponents.core5:httpcore5-h2:jar:5.3.4:runtime' (C:\Users\sanfu\.m2\repository\org\apache\httpcomponents\core5\httpcore5-h2\5.3.4\httpcore5-h2-5.3.4.jar) to C:\Users\sanfu\Desktop\TFG-MCP-TESTAR\INGenious_MultiLLM\Dist\release\lib\httpcore5-h2-5.3.4.jar
[INFO] Copying artifact 'com.orientechnologies:orientdb-graphdb:jar:3.2.38:runtime' (C:\Users\sanfu\.m2\repository\com\orientechnologies\orientdb-graphdb\3.2.38\orientdb-graphdb-3.2.38.jar) to C:\Users\sanfu\Desktop\TFG-MCP-TESTAR\INGenious_MultiLLM\Dist\release\lib\orientdb-graphdb-3.2.38.jar
[INFO] Copying artifact 'com.orientechnologies:orientdb-server:jar:3.2.38:runtime' (C:\Users\sanfu\.m2\repository\com\orientechnologies\orientdb-server\3.2.38\orientdb-server-3.2.38.jar) to C:\Users\sanfu\Desktop\TFG-MCP-TESTAR\INGenious_MultiLLM\Dist\release\lib\orientdb-server-3.2.38.jar
[INFO] Copying artifact 'com.orientechnologies:orientdb-client:jar:3.2.38:runtime' (C:\Users\sanfu\.m2\repository\com\orientechnologies\orientdb-client\3.2.38\orientdb-client-3.2.38.jar) to C:\Users\sanfu\Desktop\TFG-MCP-TESTAR\INGenious_MultiLLM\Dist\release\lib\orientdb-client-3.2.38.jar
[INFO] Copying artifact 'org.glassfish.jaxb:jaxb-runtime:jar:3.0.2:runtime' (C:\Users\sanfu\.m2\repository\org\glassfish\jaxb\jaxb-runtime\3.0.2\jaxb-runtime-3.0.2.jar) to C:\Users\sanfu\Desktop\TFG-MCP-TESTAR\INGenious_MultiLLM\Dist\release\lib\jaxb-runtime-3.0.2.jar
[INFO] Copying artifact 'com.sun.activation:jakarta.activation:jar:2.0.1:runtime' (C:\Users\sanfu\.m2\repository\com\sun\activation\jakarta.activation\2.0.1\jakarta.activation-2.0.1.jar) to C:\Users\sanfu\Desktop\TFG-MCP-TESTAR\INGenious_MultiLLM\Dist\release\lib\jakarta.activation-2.0.1.jar
[INFO] Copying artifact 'com.orientechnologies:orientdb-tools:jar:3.2.38:runtime' (C:\Users\sanfu\.m2\repository\com\orientechnologies\orientdb-tools\3.2.38\orientdb-tools-3.2.38.jar) to C:\Users\sanfu\Desktop\TFG-MCP-TESTAR\INGenious_MultiLLM\Dist\release\lib\orientdb-tools-3.2.38.jar
[INFO] Copying artifact 'jakarta.xml.bind:jakarta.xml.bind-api:jar:3.0.1:runtime' (C:\Users\sanfu\.m2\repository\jakarta\xml\bind\jakarta.xml.bind-api\3.0.1\jakarta.xml.bind-api-3.0.1.jar) to C:\Users\sanfu\Desktop\TFG-MCP-TESTAR\INGenious_MultiLLM\Dist\release\lib\jakarta.xml.bind-api-3.0.1.jar
[INFO] Copying artifact 'org.glassfish.jaxb:jaxb-core:jar:3.0.2:runtime' (C:\Users\sanfu\.m2\repository\org\glassfish\jaxb\jaxb-core\3.0.2\jaxb-core-3.0.2.jar) to C:\Users\sanfu\Desktop\TFG-MCP-TESTAR\INGenious_MultiLLM\Dist\release\lib\jaxb-core-3.0.2.jar
[INFO] Copying artifact 'org.glassfish.jaxb:txw2:jar:3.0.2:runtime' (C:\Users\sanfu\.m2\repository\org\glassfish\jaxb\txw2\3.0.2\txw2-3.0.2.jar) to C:\Users\sanfu\Desktop\TFG-MCP-TESTAR\INGenious_MultiLLM\Dist\release\lib\txw2-3.0.2.jar
[INFO] Copying artifact 'com.sun.istack:istack-commons-runtime:jar:4.0.1:runtime' (C:\Users\sanfu\.m2\repository\com\sun\istack\istack-commons-runtime\4.0.1\istack-commons-runtime-4.0.1.jar) to C:\Users\sanfu\Desktop\TFG-MCP-TESTAR\INGenious_MultiLLM\Dist\release\lib\istack-commons-runtime-4.0.1.jar
[INFO] Copying artifact 'com.orientechnologies:orientdb-core:jar:3.2.38:runtime' (C:\Users\sanfu\.m2\repository\com\orientechnologies\orientdb-core\3.2.38\orientdb-core-3.2.38.jar) to C:\Users\sanfu\Desktop\TFG-MCP-TESTAR\INGenious_MultiLLM\Dist\release\lib\orientdb-core-3.2.38.jar
[INFO] Copying artifact 'com.github.jnr:jnr-posix:jar:3.1.15:runtime' (C:\Users\sanfu\.m2\repository\com\github\jnr\jnr-posix\3.1.15\jnr-posix-3.1.15.jar) to C:\Users\sanfu\Desktop\TFG-MCP-TESTAR\INGenious_MultiLLM\Dist\release\lib\jnr-posix-3.1.15.jar
[INFO] Copying artifact 'com.github.jnr:jnr-ffi:jar:2.2.11:runtime' (C:\Users\sanfu\.m2\repository\com\github\jnr\jnr-ffi\2.2.11\jnr-ffi-2.2.11.jar) to C:\Users\sanfu\Desktop\TFG-MCP-TESTAR\INGenious_MultiLLM\Dist\release\lib\jnr-ffi-2.2.11.jar
[INFO] Copying artifact 'com.github.jnr:jffi:jar:1.3.9:runtime' (C:\Users\sanfu\.m2\repository\com\github\jnr\jffi\1.3.9\jffi-1.3.9.jar) to C:\Users\sanfu\Desktop\TFG-MCP-TESTAR\INGenious_MultiLLM\Dist\release\lib\jffi-1.3.9.jar
[INFO] Copying artifact 'com.github.jnr:jffi:jar:native:1.3.9:runtime' (C:\Users\sanfu\.m2\repository\com\github\jnr\jffi\1.3.9\jffi-1.3.9-native.jar) to C:\Users\sanfu\Desktop\TFG-MCP-TESTAR\INGenious_MultiLLM\Dist\release\lib\jffi-1.3.9-native.jar
[INFO] Copying artifact 'org.ow2.asm:asm-commons:jar:9.2:runtime' (C:\Users\sanfu\.m2\repository\org\ow2\asm\asm-commons\9.2\asm-commons-9.2.jar) to C:\Users\sanfu\Desktop\TFG-MCP-TESTAR\INGenious_MultiLLM\Dist\release\lib\asm-commons-9.2.jar
[INFO] Copying artifact 'org.ow2.asm:asm-analysis:jar:9.2:runtime' (C:\Users\sanfu\.m2\repository\org\ow2\asm\asm-analysis\9.2\asm-analysis-9.2.jar) to C:\Users\sanfu\Desktop\TFG-MCP-TESTAR\INGenious_MultiLLM\Dist\release\lib\asm-analysis-9.2.jar
[INFO] Copying artifact 'org.ow2.asm:asm-tree:jar:9.2:runtime' (C:\Users\sanfu\.m2\repository\org\ow2\asm\asm-tree\9.2\asm-tree-9.2.jar) to C:\Users\sanfu\Desktop\TFG-MCP-TESTAR\INGenious_MultiLLM\Dist\release\lib\asm-tree-9.2.jar
[INFO] Copying artifact 'org.ow2.asm:asm-util:jar:9.2:runtime' (C:\Users\sanfu\.m2\repository\org\ow2\asm\asm-util\9.2\asm-util-9.2.jar) to C:\Users\sanfu\Desktop\TFG-MCP-TESTAR\INGenious_MultiLLM\Dist\release\lib\asm-util-9.2.jar
[INFO] Copying artifact 'com.github.jnr:jnr-a64asm:jar:1.0.0:runtime' (C:\Users\sanfu\.m2\repository\com\github\jnr\jnr-a64asm\1.0.0\jnr-a64asm-1.0.0.jar) to C:\Users\sanfu\Desktop\TFG-MCP-TESTAR\INGenious_MultiLLM\Dist\release\lib\jnr-a64asm-1.0.0.jar
[INFO] Copying artifact 'com.github.jnr:jnr-x86asm:jar:1.0.2:runtime' (C:\Users\sanfu\.m2\repository\com\github\jnr\jnr-x86asm\1.0.2\jnr-x86asm-1.0.2.jar) to C:\Users\sanfu\Desktop\TFG-MCP-TESTAR\INGenious_MultiLLM\Dist\release\lib\jnr-x86asm-1.0.2.jar
[INFO] Copying artifact 'com.github.jnr:jnr-constants:jar:0.10.3:runtime' (C:\Users\sanfu\.m2\repository\com\github\jnr\jnr-constants\0.10.3\jnr-constants-0.10.3.jar) to C:\Users\sanfu\Desktop\TFG-MCP-TESTAR\INGenious_MultiLLM\Dist\release\lib\jnr-constants-0.10.3.jar
[INFO] Copying artifact 'com.googlecode.concurrentlinkedhashmap:concurrentlinkedhashmap-lru:jar:1.4.2:runtime' (C:\Users\sanfu\.m2\repository\com\googlecode\concurrentlinkedhashmap\concurrentlinkedhashmap-lru\1.4.2\concurrentlinkedhashmap-lru-1.4.2.jar) to C:\Users\sanfu\Desktop\TFG-MCP-TESTAR\INGenious_MultiLLM\Dist\release\lib\concurrentlinkedhashmap-lru-1.4.2.jar
[INFO] Copying artifact 'org.lz4:lz4-java:jar:1.8.0:runtime' (C:\Users\sanfu\.m2\repository\org\lz4\lz4-java\1.8.0\lz4-java-1.8.0.jar) to C:\Users\sanfu\Desktop\TFG-MCP-TESTAR\INGenious_MultiLLM\Dist\release\lib\lz4-java-1.8.0.jar
[INFO] Copying artifact 'org.graalvm.truffle:truffle-api:jar:21.3.5:runtime' (C:\Users\sanfu\.m2\repository\org\graalvm\truffle\truffle-api\21.3.5\truffle-api-21.3.5.jar) to C:\Users\sanfu\Desktop\TFG-MCP-TESTAR\INGenious_MultiLLM\Dist\release\lib\truffle-api-21.3.5.jar
[INFO] Copying artifact 'org.graalvm.js:js:jar:21.3.5:runtime' (C:\Users\sanfu\.m2\repository\org\graalvm\js\js\21.3.5\js-21.3.5.jar) to C:\Users\sanfu\Desktop\TFG-MCP-TESTAR\INGenious_MultiLLM\Dist\release\lib\js-21.3.5.jar
[INFO] Copying artifact 'org.graalvm.regex:regex:jar:21.3.5:runtime' (C:\Users\sanfu\.m2\repository\org\graalvm\regex\regex\21.3.5\regex-21.3.5.jar) to C:\Users\sanfu\Desktop\TFG-MCP-TESTAR\INGenious_MultiLLM\Dist\release\lib\regex-21.3.5.jar
[INFO] Copying artifact 'com.ibm.icu:icu4j:jar:71.1:runtime' (C:\Users\sanfu\.m2\repository\com\ibm\icu\icu4j\71.1\icu4j-71.1.jar) to C:\Users\sanfu\Desktop\TFG-MCP-TESTAR\INGenious_MultiLLM\Dist\release\lib\icu4j-71.1.jar
[INFO] Copying artifact 'org.graalvm.js:js-scriptengine:jar:21.3.5:runtime' (C:\Users\sanfu\.m2\repository\org\graalvm\js\js-scriptengine\21.3.5\js-scriptengine-21.3.5.jar) to C:\Users\sanfu\Desktop\TFG-MCP-TESTAR\INGenious_MultiLLM\Dist\release\lib\js-scriptengine-21.3.5.jar
[INFO] Copying artifact 'org.graalvm.tools:profiler:jar:21.3.5:runtime' (C:\Users\sanfu\.m2\repository\org\graalvm\tools\profiler\21.3.5\profiler-21.3.5.jar) to C:\Users\sanfu\Desktop\TFG-MCP-TESTAR\INGenious_MultiLLM\Dist\release\lib\profiler-21.3.5.jar
[INFO] Copying artifact 'org.graalvm.tools:chromeinspector:jar:21.3.5:runtime' (C:\Users\sanfu\.m2\repository\org\graalvm\tools\chromeinspector\21.3.5\chromeinspector-21.3.5.jar) to C:\Users\sanfu\Desktop\TFG-MCP-TESTAR\INGenious_MultiLLM\Dist\release\lib\chromeinspector-21.3.5.jar
[INFO] Copying artifact 'com.tinkerpop.blueprints:blueprints-core:jar:2.6.0:runtime' (C:\Users\sanfu\.m2\repository\com\tinkerpop\blueprints\blueprints-core\2.6.0\blueprints-core-2.6.0.jar) to C:\Users\sanfu\Desktop\TFG-MCP-TESTAR\INGenious_MultiLLM\Dist\release\lib\blueprints-core-2.6.0.jar
[INFO] Copying artifact 'org.codehaus.jettison:jettison:jar:1.3.3:runtime' (C:\Users\sanfu\.m2\repository\org\codehaus\jettison\jettison\1.3.3\jettison-1.3.3.jar) to C:\Users\sanfu\Desktop\TFG-MCP-TESTAR\INGenious_MultiLLM\Dist\release\lib\jettison-1.3.3.jar
[INFO] Copying artifact 'com.carrotsearch:hppc:jar:0.6.0:runtime' (C:\Users\sanfu\.m2\repository\com\carrotsearch\hppc\0.6.0\hppc-0.6.0.jar) to C:\Users\sanfu\Desktop\TFG-MCP-TESTAR\INGenious_MultiLLM\Dist\release\lib\hppc-0.6.0.jar
[INFO] Copying artifact 'commons-configuration:commons-configuration:jar:1.6:runtime' (C:\Users\sanfu\.m2\repository\commons-configuration\commons-configuration\1.6\commons-configuration-1.6.jar) to C:\Users\sanfu\Desktop\TFG-MCP-TESTAR\INGenious_MultiLLM\Dist\release\lib\commons-configuration-1.6.jar
[INFO] Copying artifact 'commons-collections:commons-collections:jar:3.2.1:runtime' (C:\Users\sanfu\.m2\repository\commons-collections\commons-collections\3.2.1\commons-collections-3.2.1.jar) to C:\Users\sanfu\Desktop\TFG-MCP-TESTAR\INGenious_MultiLLM\Dist\release\lib\commons-collections-3.2.1.jar
[INFO] Copying artifact 'commons-digester:commons-digester:jar:1.8:runtime' (C:\Users\sanfu\.m2\repository\commons-digester\commons-digester\1.8\commons-digester-1.8.jar) to C:\Users\sanfu\Desktop\TFG-MCP-TESTAR\INGenious_MultiLLM\Dist\release\lib\commons-digester-1.8.jar
[INFO] Copying artifact 'commons-beanutils:commons-beanutils:jar:1.7.0:runtime' (C:\Users\sanfu\.m2\repository\commons-beanutils\commons-beanutils\1.7.0\commons-beanutils-1.7.0.jar) to C:\Users\sanfu\Desktop\TFG-MCP-TESTAR\INGenious_MultiLLM\Dist\release\lib\commons-beanutils-1.7.0.jar
[INFO] Copying artifact 'commons-beanutils:commons-beanutils-core:jar:1.8.0:runtime' (C:\Users\sanfu\.m2\repository\commons-beanutils\commons-beanutils-core\1.8.0\commons-beanutils-core-1.8.0.jar) to C:\Users\sanfu\Desktop\TFG-MCP-TESTAR\INGenious_MultiLLM\Dist\release\lib\commons-beanutils-core-1.8.0.jar
[INFO] Copying artifact 'org.codehaus.groovy:groovy:jar:2.5.19:runtime' (C:\Users\sanfu\.m2\repository\org\codehaus\groovy\groovy\2.5.19\groovy-2.5.19.jar) to C:\Users\sanfu\Desktop\TFG-MCP-TESTAR\INGenious_MultiLLM\Dist\release\lib\groovy-2.5.19.jar
[INFO] Copying artifact 'org.codehaus.groovy:groovy-jsr223:jar:2.5.19:runtime' (C:\Users\sanfu\.m2\repository\org\codehaus\groovy\groovy-jsr223\2.5.19\groovy-jsr223-2.5.19.jar) to C:\Users\sanfu\Desktop\TFG-MCP-TESTAR\INGenious_MultiLLM\Dist\release\lib\groovy-jsr223-2.5.19.jar
[INFO] Copying artifact 'org.graalvm.sdk:graal-sdk:jar:22.3.2:runtime' (C:\Users\sanfu\.m2\repository\org\graalvm\sdk\graal-sdk\22.3.2\graal-sdk-22.3.2.jar) to C:\Users\sanfu\Desktop\TFG-MCP-TESTAR\INGenious_MultiLLM\Dist\release\lib\graal-sdk-22.3.2.jar
[INFO] Copying artifact 'javax.xml.bind:jaxb-api:jar:2.3.1:runtime' (C:\Users\sanfu\.m2\repository\javax\xml\bind\jaxb-api\2.3.1\jaxb-api-2.3.1.jar) to C:\Users\sanfu\Desktop\TFG-MCP-TESTAR\INGenious_MultiLLM\Dist\release\lib\jaxb-api-2.3.1.jar
[INFO] Copying artifact 'javax.activation:javax.activation-api:jar:1.2.0:runtime' (C:\Users\sanfu\.m2\repository\javax\activation\javax.activation-api\1.2.0\javax.activation-api-1.2.0.jar) to C:\Users\sanfu\Desktop\TFG-MCP-TESTAR\INGenious_MultiLLM\Dist\release\lib\javax.activation-api-1.2.0.jar
[INFO] Copying artifact 'com.sun.xml.bind:jaxb-impl:jar:2.3.1:runtime' (C:\Users\sanfu\.m2\repository\com\sun\xml\bind\jaxb-impl\2.3.1\jaxb-impl-2.3.1.jar) to C:\Users\sanfu\Desktop\TFG-MCP-TESTAR\INGenious_MultiLLM\Dist\release\lib\jaxb-impl-2.3.1.jar
[INFO] Copying artifact 'org.apache.commons:commons-text:jar:1.8:runtime' (C:\Users\sanfu\.m2\repository\org\apache\commons\commons-text\1.8\commons-text-1.8.jar) to C:\Users\sanfu\Desktop\TFG-MCP-TESTAR\INGenious_MultiLLM\Dist\release\lib\commons-text-1.8.jar
[INFO] Copying artifact 'com.squareup.okhttp3:okhttp:jar:3.10.0:compile' (C:\Users\sanfu\.m2\repository\com\squareup\okhttp3\okhttp\3.10.0\okhttp-3.10.0.jar) to C:\Users\sanfu\Desktop\TFG-MCP-TESTAR\INGenious_MultiLLM\Dist\release\lib\okhttp-3.10.0.jar
[INFO] Copying artifact 'com.squareup.okio:okio:jar:1.14.0:compile' (C:\Users\sanfu\.m2\repository\com\squareup\okio\okio\1.14.0\okio-1.14.0.jar) to C:\Users\sanfu\Desktop\TFG-MCP-TESTAR\INGenious_MultiLLM\Dist\release\lib\okio-1.14.0.jar
[INFO] 
[INFO] --- resources:3.0.2:copy-resources (copy-resources) @ ingenious-ide ---
[INFO] Using 'UTF-8' encoding to copy filtered resources.
[INFO] Copying 5 resources
[INFO] Copying 276 resources
[INFO] 
[INFO] ---------------------------< com.ing:Common >---------------------------
[INFO] Building Common 2.3.1                                              [7/8]
[INFO]   from Common\pom.xml
[INFO] --------------------------------[ jar ]---------------------------------
[INFO] 
[INFO] --- clean:3.0.0:clean (default-clean) @ Common ---
[INFO] 
[INFO] --- resources:3.3.1:resources (default-resources) @ Common ---
[INFO] skip non existing resourceDirectory C:\Users\sanfu\Desktop\TFG-MCP-TESTAR\INGenious_MultiLLM\Common\src\main\resources
[INFO] 
[INFO] --- compiler:3.8.1:compile (default-compile) @ Common ---
[INFO] Changes detected - recompiling the module!
[INFO] Compiling 1 source file to C:\Users\sanfu\Desktop\TFG-MCP-TESTAR\INGenious_MultiLLM\Common\target\classes
[INFO] 
[INFO] --- exec:1.6.0:java (generate-merged-pom) @ Common ---
Properties copied successfully!
Setting version value to: 2.3.1
TargetPath = C:\Users\sanfu\Desktop\TFG-MCP-TESTAR\INGenious_MultiLLM\Resources\Engine\pom.xml
------------C:\Users\sanfu\Desktop\TFG-MCP-TESTAR\INGenious_MultiLLM\StoryWriter\pom.xml
Duplicate removed successfully
------------C:\Users\sanfu\Desktop\TFG-MCP-TESTAR\INGenious_MultiLLM\Datalib\pom.xml
Duplicate removed successfully
------------C:\Users\sanfu\Desktop\TFG-MCP-TESTAR\INGenious_MultiLLM\TestData - Csv\pom.xml
Duplicate removed successfully
------------C:\Users\sanfu\Desktop\TFG-MCP-TESTAR\INGenious_MultiLLM\Engine\pom.xml
Duplicate removed successfully
------------C:\Users\sanfu\Desktop\TFG-MCP-TESTAR\INGenious_MultiLLM\IDE\pom.xml
Duplicate removed successfully
[INFO] 
[INFO] --- resources:3.3.1:testResources (default-testResources) @ Common ---
[INFO] skip non existing resourceDirectory C:\Users\sanfu\Desktop\TFG-MCP-TESTAR\INGenious_MultiLLM\Common\src\test\resources
[INFO] 
[INFO] --- compiler:3.8.1:testCompile (default-testCompile) @ Common ---
[INFO] No sources to compile
[INFO] 
[INFO] --- surefire:3.2.5:test (default-test) @ Common ---
[INFO] Tests are skipped.
[INFO] 
[INFO] --- jar:3.4.1:jar (default-jar) @ Common ---
[INFO] Building jar: C:\Users\sanfu\Desktop\TFG-MCP-TESTAR\INGenious_MultiLLM\Common\target\Common-2.3.1.jar
[INFO] 
[INFO] --- install:3.1.2:install (default-install) @ Common ---
[INFO] Installing C:\Users\sanfu\Desktop\TFG-MCP-TESTAR\INGenious_MultiLLM\Common\pom.xml to C:\Users\sanfu\.m2\repository\com\ing\Common\2.3.1\Common-2.3.1.pom
[INFO] Installing C:\Users\sanfu\Desktop\TFG-MCP-TESTAR\INGenious_MultiLLM\Common\target\Common-2.3.1.jar to C:\Users\sanfu\.m2\repository\com\ing\Common\2.3.1\Common-2.3.1.jar
[INFO] 
[INFO] ----------------------------< com.ing:Dist >----------------------------
[INFO] Building Dist 2.3.1                                                [8/8]
[INFO]   from Dist\pom.xml
[INFO] --------------------------------[ pom ]---------------------------------
[INFO] 
[INFO] --- clean:3.0.0:clean (default-clean) @ Dist ---
[INFO] 
[INFO] --- dependency:3.7.0:copy (copy-jar) @ Dist ---
[INFO] Configured Artifact: com.ing:ingenious-ide:2.3.1:jar
[INFO] Configured Artifact: com.ing:storywriter:2.3.1:jar
[INFO] Configured Artifact: com.ing:ingenious-datalib:2.3.1:jar
[INFO] Configured Artifact: com.ing:ingenious-testdata-csv:2.3.1:jar
[INFO] Copying artifact 'com.ing:ingenious-ide:jar:2.3.1' (C:\Users\sanfu\Desktop\TFG-MCP-TESTAR\INGenious_MultiLLM\IDE\target\ingenious-ide-2.3.1.jar) to C:\Users\sanfu\Desktop\TFG-MCP-TESTAR\INGenious_MultiLLM\Dist\release\ingenious-ide-2.3.1.jar
[INFO] Copying artifact 'com.ing:storywriter:jar:2.3.1' (C:\Users\sanfu\Desktop\TFG-MCP-TESTAR\INGenious_MultiLLM\StoryWriter\target\storywriter-2.3.1-full.jar) to C:\Users\sanfu\Desktop\TFG-MCP-TESTAR\INGenious_MultiLLM\Dist\release\Tools\storywriter-2.3.1.jar
[INFO] Copying artifact 'com.ing:ingenious-datalib:jar:2.3.1' (C:\Users\sanfu\Desktop\TFG-MCP-TESTAR\INGenious_MultiLLM\Datalib\target\ingenious-datalib-2.3.1.jar) to C:\Users\sanfu\Desktop\TFG-MCP-TESTAR\INGenious_MultiLLM\Dist\release\Engine\lib\ingenious-datalib-2.3.1.jar
[INFO] Copying artifact 'com.ing:ingenious-testdata-csv:jar:2.3.1' (C:\Users\sanfu\Desktop\TFG-MCP-TESTAR\INGenious_MultiLLM\TestData - Csv\target\ingenious-testdata-csv-2.3.1.jar) to C:\Users\sanfu\Desktop\TFG-MCP-TESTAR\INGenious_MultiLLM\Dist\release\Engine\lib\ingenious-testdata-csv-2.3.1.jar
[INFO] 
[INFO] --- assembly:3.0.0:single (create-archive) @ Dist ---
[INFO] Reading assembly descriptor: assembly_zip.xml
[INFO] Building zip: C:\Users\sanfu\Desktop\TFG-MCP-TESTAR\INGenious_MultiLLM\Dist\target\ingenious-playwright-2.3.1-setup.zip
[INFO] 
[INFO] --- install:3.1.2:install (default-install) @ Dist ---
[INFO] Installing C:\Users\sanfu\Desktop\TFG-MCP-TESTAR\INGenious_MultiLLM\Dist\pom.xml to C:\Users\sanfu\.m2\repository\com\ing\Dist\2.3.1\Dist-2.3.1.pom
[INFO] Installing C:\Users\sanfu\Desktop\TFG-MCP-TESTAR\INGenious_MultiLLM\Dist\target\ingenious-playwright-2.3.1-setup.zip to C:\Users\sanfu\.m2\repository\com\ing\Dist\2.3.1\Dist-2.3.1-setup.zip
[INFO] 
[INFO] --- resources:3.0.2:copy-resources (copy-resources) @ Dist ---
[INFO] Using 'UTF-8' encoding to copy filtered resources.
[INFO] Copying 5 resources
[INFO] Copying 276 resources
[INFO] ------------------------------------------------------------------------
[INFO] Reactor Summary for ingenious 2.3.1:
[INFO] 
[INFO] ingenious .......................................... SUCCESS [  0.446 s]
[INFO] StoryWriter ........................................ SUCCESS [  3.102 s]
[INFO] Datalib ............................................ SUCCESS [  1.470 s]
[INFO] TestData - Csv ..................................... SUCCESS [  0.513 s]
[INFO] Engine ............................................. SUCCESS [  9.092 s]
[INFO] IDE ................................................ SUCCESS [ 24.621 s]
[INFO] Common ............................................. SUCCESS [  1.190 s]
[INFO] Dist ............................................... SUCCESS [01:02 min]
[INFO] ------------------------------------------------------------------------
[INFO] BUILD SUCCESS
[INFO] ------------------------------------------------------------------------
[INFO] Total time:  01:43 min
[INFO] Finished at: 2026-03-11T20:15:54+01:00
[INFO] ------------------------------------------------------------------------
